#
# There is insufficient memory for the Java Runtime Environment to continue.
# Native memory allocation (malloc) failed to allocate 1048576 bytes. Error detail: AllocateHeap
# Possible reasons:
#   The system is out of physical RAM or swap space
#   This process is running with CompressedOops enabled, and the Java Heap may be blocking the growth of the native heap
# Possible solutions:
#   Reduce memory load on the system
#   Increase physical memory or swap space
#   Check if swap backing store is full
#   Decrease Java heap size (-Xmx/-Xms)
#   Decrease number of Java threads
#   Decrease Java thread stack sizes (-Xss)
#   Set larger code cache with -XX:ReservedCodeCacheSize=
#   JVM is running with Unscaled Compressed Oops mode in which the Java heap is
#     placed in the first 4GB address space. The Java Heap base address is the
#     maximum limit for the native heap growth. Please use -XX:HeapBaseMinAddress
#     to set the Java Heap base and to place the Java Heap above 4GB virtual address.
# This output file may be truncated or incomplete.
#
#  Out of Memory Error (allocation.cpp:44), pid=16900, tid=20600
#
# JRE version: OpenJDK Runtime Environment Temurin-21.0.11+10 (21.0.11+10) (build 21.0.11+10-LTS)
# Java VM: OpenJDK 64-Bit Server VM Temurin-21.0.11+10 (21.0.11+10-LTS, mixed mode, sharing, tiered, compressed oops, compressed class ptrs, parallel gc, windows-amd64)
# No core dump will be written. Minidumps are not enabled by default on client versions of Windows
#

---------------  S U M M A R Y ------------

Command Line: --add-modules=ALL-SYSTEM --add-opens=java.base/java.util=ALL-UNNAMED --add-opens=java.base/java.lang=ALL-UNNAMED --add-opens=java.base/sun.nio.fs=ALL-UNNAMED -Declipse.application=org.eclipse.jdt.ls.core.id1 -Dosgi.bundles.defaultStartLevel=4 -Declipse.product=org.eclipse.jdt.ls.core.product -Djava.import.generatesMetadataFilesAtProjectRoot=false -DDetectVMInstallationsJob.disabled=true -Dfile.encoding=utf8 -XX:+UseParallelGC -XX:GCTimeRatio=4 -XX:AdaptiveSizePolicyWeight=90 -Dsun.zip.disableMemoryMapping=true -Xmx2G -Xms100m -Xlog:disable -javaagent:c:\Users\Maria Luiza\.vscode\extensions\redhat.java-1.55.0-win32-x64\lombok\lombok-1.18.39-4050.jar -XX:+HeapDumpOnOutOfMemoryError -XX:HeapDumpPath=c:\Users\Maria Luiza\AppData\Roaming\Code\User\workspaceStorage\c32f2c3fa466b7c56e049e5eb102331f\redhat.java -Daether.dependencyCollector.impl=bf c:\Users\Maria Luiza\.vscode\extensions\redhat.java-1.55.0-win32-x64\server\plugins\org.eclipse.equinox.launcher_1.7.200.v20260619-2039.jar -configuration c:\Users\Maria Luiza\AppData\Roaming\Code\User\globalStorage\redhat.java\1.55.0\config_win -data c:\Users\Maria Luiza\AppData\Roaming\Code\User\workspaceStorage\c32f2c3fa466b7c56e049e5eb102331f\redhat.java\jdt_ws --pipe=\\.\pipe\lsp-f477b5baa3b4245c139ce292add7f10c-sock

Host: AMD Ryzen 5 7520U with Radeon Graphics         , 8 cores, 5G,  Windows 11 , 64 bit Build 26100 (10.0.26100.8521)
Time: Mon Jun 29 17:21:01 2026 Hora oficial do Brasil elapsed time: 8346.981700 seconds (0d 2h 19m 6s)

---------------  T H R E A D  ---------------

Current thread (0x000001cf4f67bbb0):  JavaThread "Attach Listener" daemon [_thread_in_vm, id=20600, stack(0x0000002f7eb00000,0x0000002f7ec00000) (1024K)]

Stack: [0x0000002f7eb00000,0x0000002f7ec00000]
Native frames: (J=compiled Java code, j=interpreted, Vv=VM code, C=native code)
V  [jvm.dll+0x6d7e19]
V  [jvm.dll+0x8b5096]
V  [jvm.dll+0x8b764e]
V  [jvm.dll+0x8b7d33]
V  [jvm.dll+0x284596]
V  [jvm.dll+0xc13c7]
V  [jvm.dll+0x6d86c9]
V  [jvm.dll+0x133616]
V  [jvm.dll+0x3f868e]
V  [jvm.dll+0x85fb0d]
V  [jvm.dll+0x6d664d]
C  [ucrtbase.dll+0x2cd30]
C  [KERNEL32.DLL+0x2e957]
C  [ntdll.dll+0x87c1c]


---------------  P R O C E S S  ---------------

Threads class SMR info:
_java_thread_list=0x000001cf99afed30, length=34, elements={
0x000001cf38bfd6d0, 0x000001cf4f6743f0, 0x000001cf4f678890, 0x000001cf4f67b150,
0x000001cf4f67bbb0, 0x000001cf4f67db70, 0x000001cf4f683890, 0x000001cf4f68ffb0,
0x000001cf4f6942a0, 0x000001cf9220afe0, 0x000001cf92352fa0, 0x000001cf929d0e70,
0x000001cf92aa92b0, 0x000001cf92aa2670, 0x000001cf92bb00f0, 0x000001cf97768af0,
0x000001cf970c7a00, 0x000001cf9771fd80, 0x000001cf97409810, 0x000001cf97409ea0,
0x000001cf9857d190, 0x000001cf9857d820, 0x000001cf9857ebd0, 0x000001cf9857f260,
0x000001cf9857f8f0, 0x000001cf9857c470, 0x000001cf98582d70, 0x000001cf9857ff80,
0x000001cf98580ca0, 0x000001cf98581330, 0x000001cf985819c0, 0x000001cf98582050,
0x000001cf98580610, 0x000001cf98583400
}

Java Threads: ( => current thread )
  0x000001cf38bfd6d0 JavaThread "main"                              [_thread_blocked, id=22684, stack(0x0000002f7e400000,0x0000002f7e500000) (1024K)]
  0x000001cf4f6743f0 JavaThread "Reference Handler"          daemon [_thread_blocked, id=12632, stack(0x0000002f7e800000,0x0000002f7e900000) (1024K)]
  0x000001cf4f678890 JavaThread "Finalizer"                  daemon [_thread_blocked, id=25052, stack(0x0000002f7e900000,0x0000002f7ea00000) (1024K)]
  0x000001cf4f67b150 JavaThread "Signal Dispatcher"          daemon [_thread_blocked, id=1644, stack(0x0000002f7ea00000,0x0000002f7eb00000) (1024K)]
=>0x000001cf4f67bbb0 JavaThread "Attach Listener"            daemon [_thread_in_vm, id=20600, stack(0x0000002f7eb00000,0x0000002f7ec00000) (1024K)]
  0x000001cf4f67db70 JavaThread "Service Thread"             daemon [_thread_blocked, id=21492, stack(0x0000002f7ec00000,0x0000002f7ed00000) (1024K)]
  0x000001cf4f683890 JavaThread "Monitor Deflation Thread"   daemon [_thread_blocked, id=18144, stack(0x0000002f7ed00000,0x0000002f7ee00000) (1024K)]
  0x000001cf4f68ffb0 JavaThread "C2 CompilerThread0"         daemon [_thread_blocked, id=13332, stack(0x0000002f7ee00000,0x0000002f7ef00000) (1024K)]
  0x000001cf4f6942a0 JavaThread "C1 CompilerThread0"         daemon [_thread_blocked, id=22700, stack(0x0000002f7ef00000,0x0000002f7f000000) (1024K)]
  0x000001cf9220afe0 JavaThread "Common-Cleaner"             daemon [_thread_blocked, id=9360, stack(0x0000002f7f100000,0x0000002f7f200000) (1024K)]
  0x000001cf92352fa0 JavaThread "Notification Thread"        daemon [_thread_blocked, id=1940, stack(0x0000002f7f000000,0x0000002f7f100000) (1024K)]
  0x000001cf929d0e70 JavaThread "Active Thread: Equinox Container: 1a353b08-aeed-43cc-a709-bfbfad98b5e7"        [_thread_blocked, id=18216, stack(0x0000002f7f800000,0x0000002f7f900000) (1024K)]
  0x000001cf92aa92b0 JavaThread "Refresh Thread: Equinox Container: 1a353b08-aeed-43cc-a709-bfbfad98b5e7" daemon [_thread_blocked, id=5216, stack(0x0000002f7fb00000,0x0000002f7fc00000) (1024K)]
  0x000001cf92aa2670 JavaThread "Framework Event Dispatcher: Equinox Container: 1a353b08-aeed-43cc-a709-bfbfad98b5e7" daemon [_thread_blocked, id=21076, stack(0x0000002f7fc00000,0x0000002f7fd00000) (1024K)]
  0x000001cf92bb00f0 JavaThread "Start Level: Equinox Container: 1a353b08-aeed-43cc-a709-bfbfad98b5e7" daemon [_thread_blocked, id=24096, stack(0x0000002f7f900000,0x0000002f7fa00000) (1024K)]
  0x000001cf97768af0 JavaThread "Bundle File Closer"         daemon [_thread_blocked, id=23068, stack(0x0000002f7fe00000,0x0000002f7ff00000) (1024K)]
  0x000001cf970c7a00 JavaThread "SCR Component Actor"        daemon [_thread_blocked, id=14736, stack(0x0000002f7fd00000,0x0000002f7fe00000) (1024K)]
  0x000001cf9771fd80 JavaThread "Worker-JM"                         [_thread_blocked, id=824, stack(0x0000002f00000000,0x0000002f00100000) (1024K)]
  0x000001cf97409810 JavaThread "JNA Cleaner"                daemon [_thread_blocked, id=7404, stack(0x0000002f00100000,0x0000002f00200000) (1024K)]
  0x000001cf97409ea0 JavaThread "Worker-1"                          [_thread_blocked, id=8812, stack(0x0000002f00300000,0x0000002f00400000) (1024K)]
  0x000001cf9857d190 JavaThread "Java indexing"              daemon [_thread_blocked, id=12124, stack(0x0000002f00500000,0x0000002f00600000) (1024K)]
  0x000001cf9857d820 JavaThread "Worker-2"                          [_thread_blocked, id=23048, stack(0x0000002f00600000,0x0000002f00700000) (1024K)]
  0x000001cf9857ebd0 JavaThread "Thread-1"                   daemon [_thread_in_native, id=19796, stack(0x0000002f00b00000,0x0000002f00c00000) (1024K)]
  0x000001cf9857f260 JavaThread "Thread-2"                   daemon [_thread_in_native, id=12536, stack(0x0000002f00c00000,0x0000002f00d00000) (1024K)]
  0x000001cf9857f8f0 JavaThread "Thread-3"                   daemon [_thread_in_native, id=18520, stack(0x0000002f00d00000,0x0000002f00e00000) (1024K)]
  0x000001cf9857c470 JavaThread "Thread-4"                   daemon [_thread_in_native, id=19368, stack(0x0000002f00e00000,0x0000002f00f00000) (1024K)]
  0x000001cf98582d70 JavaThread "Thread-5"                   daemon [_thread_in_native, id=16116, stack(0x0000002f00f00000,0x0000002f01000000) (1024K)]
  0x000001cf9857ff80 JavaThread "Thread-6"                   daemon [_thread_in_native, id=18688, stack(0x0000002f01000000,0x0000002f01100000) (1024K)]
  0x000001cf98580ca0 JavaThread "Thread-7"                   daemon [_thread_in_native, id=2744, stack(0x0000002f01100000,0x0000002f01200000) (1024K)]
  0x000001cf98581330 JavaThread "Thread-8"                   daemon [_thread_in_native, id=24512, stack(0x0000002f01200000,0x0000002f01300000) (1024K)]
  0x000001cf985819c0 JavaThread "Thread-9"                   daemon [_thread_in_native, id=21896, stack(0x0000002f01300000,0x0000002f01400000) (1024K)]
  0x000001cf98582050 JavaThread "pool-2-thread-1"                   [_thread_blocked, id=1804, stack(0x0000002f01400000,0x0000002f01500000) (1024K)]
  0x000001cf98580610 JavaThread "WorkspaceEventsHandler"            [_thread_blocked, id=17188, stack(0x0000002f01500000,0x0000002f01600000) (1024K)]
  0x000001cf98583400 JavaThread "pool-1-thread-1"                   [_thread_blocked, id=15668, stack(0x0000002f01600000,0x0000002f01700000) (1024K)]
Total: 34

Other Threads:
  0x000001cf4f673190 VMThread "VM Thread"                           [id=24620, stack(0x0000002f7e700000,0x0000002f7e800000) (1024K)]
  0x000001cf4f58ba00 WatcherThread "VM Periodic Task Thread"        [id=25060, stack(0x0000002f7e600000,0x0000002f7e700000) (1024K)]
  0x000001cf38c1cc30 WorkerThread "GC Thread#0"                     [id=23672, stack(0x0000002f7e500000,0x0000002f7e600000) (1024K)]
  0x000001cf924dcd30 WorkerThread "GC Thread#1"                     [id=9716, stack(0x0000002f7f200000,0x0000002f7f300000) (1024K)]
  0x000001cf929deb30 WorkerThread "GC Thread#2"                     [id=20916, stack(0x0000002f7f300000,0x0000002f7f400000) (1024K)]
  0x000001cf92a4d190 WorkerThread "GC Thread#3"                     [id=20560, stack(0x0000002f7f400000,0x0000002f7f500000) (1024K)]
  0x000001cf970e53e0 WorkerThread "GC Thread#4"                     [id=15272, stack(0x0000002f7f500000,0x0000002f7f600000) (1024K)]
  0x000001cf970e5790 WorkerThread "GC Thread#5"                     [id=15028, stack(0x0000002f7f600000,0x0000002f7f700000) (1024K)]
  0x000001cf928cbe50 WorkerThread "GC Thread#6"                     [id=10740, stack(0x0000002f7f700000,0x0000002f7f800000) (1024K)]
  0x000001cf92481cd0 WorkerThread "GC Thread#7"                     [id=17604, stack(0x0000002f7fa00000,0x0000002f7fb00000) (1024K)]
Total: 10

Threads with active compile tasks:
Total: 0

VM state: not at safepoint (normal execution)

VM Mutex/Monitor currently owned by a thread: None

Heap address: 0x0000000080000000, size: 2048 MB, Compressed Oops mode: 32-bit

CDS archive(s) mapped at: [0x000001cf50000000-0x000001cf50ba0000-0x000001cf50ba0000), size 12189696, SharedBaseAddress: 0x000001cf50000000, ArchiveRelocationMode: 1.
Compressed class space mapped at: 0x000001cf51000000-0x000001cf91000000, reserved size: 1073741824
Narrow klass base: 0x000001cf50000000, Narrow klass shift: 0, Narrow klass range: 0x100000000

GC Precious Log:
 CardTable entry size: 512
 CPUs: 8 total, 8 available
 Memory: 5877M
 Large Page Support: Disabled
 NUMA Support: Disabled
 Compressed Oops: Enabled (32-bit)
 Alignments: Space 512K, Generation 512K, Heap 2M
 Heap Min Capacity: 100M
 Heap Initial Capacity: 100M
 Heap Max Capacity: 2G
 Pre-touch: Disabled
 Parallel Workers: 8

Heap:
 PSYoungGen      total 22016K, used 21243K [0x00000000d5580000, 0x00000000d6f00000, 0x0000000100000000)
  eden space 20480K, 96% used [0x00000000d5580000,0x00000000d68e2cc8,0x00000000d6980000)
  from space 1536K, 90% used [0x00000000d6c80000,0x00000000d6ddc040,0x00000000d6e00000)
  to   space 1024K, 0% used [0x00000000d6e00000,0x00000000d6e00000,0x00000000d6f00000)
 ParOldGen       total 87552K, used 74376K [0x0000000080000000, 0x0000000085580000, 0x00000000d5580000)
  object space 87552K, 84% used [0x0000000080000000,0x00000000848a2218,0x0000000085580000)
 Metaspace       used 62485K, committed 64000K, reserved 1114112K
  class space    used 6653K, committed 7296K, reserved 1048576K

Card table byte_map: [0x000001cf385d0000,0x000001cf389e0000] _byte_map_base: 0x000001cf381d0000

Marking Bits: (ParMarkBitMap*) 0x00007ff904894460
 Begin Bits: [0x000001cf4b0b0000, 0x000001cf4d0b0000)
 End Bits:   [0x000001cf4d0b0000, 0x000001cf4f0b0000)

Polling page: 0x000001cf383c0000

Metaspace:

Usage:
  Non-class:     54.52 MB used.
      Class:      6.50 MB used.
       Both:     61.02 MB used.

Virtual space:
  Non-class space:       64.00 MB reserved,      55.38 MB ( 87%) committed,  1 nodes.
      Class space:        1.00 GB reserved,       7.12 MB ( <1%) committed,  1 nodes.
             Both:        1.06 GB reserved,      62.50 MB (  6%) committed. 

Chunk freelists:
   Non-Class:  8.21 MB
       Class:  8.91 MB
        Both:  17.11 MB

MaxMetaspaceSize: unlimited
CompressedClassSpaceSize: 1.00 GB
Initial GC threshold: 21.00 MB
Current GC threshold: 97.31 MB
CDS: on
 - commit_granule_bytes: 65536.
 - commit_granule_words: 8192.
 - virtual_space_node_default_size: 8388608.
 - enlarge_chunks_in_place: 1.
 - use_allocation_guard: 0.


Internal statistics:

num_allocs_failed_limit: 9.
num_arena_births: 1244.
num_arena_deaths: 22.
num_vsnodes_births: 2.
num_vsnodes_deaths: 0.
num_space_committed: 1000.
num_space_uncommitted: 0.
num_chunks_returned_to_freelist: 34.
num_chunks_taken_from_freelist: 4243.
num_chunk_merges: 15.
num_chunk_splits: 2586.
num_chunks_enlarged: 1392.
num_inconsistent_stats: 0.

CodeHeap 'non-profiled nmethods': size=120000Kb used=6365Kb max_used=6365Kb free=113634Kb
 bounds [0x000001cf438d0000, 0x000001cf43f10000, 0x000001cf4ae00000]
CodeHeap 'profiled nmethods': size=120000Kb used=22935Kb max_used=22935Kb free=97064Kb
 bounds [0x000001cf3be00000, 0x000001cf3d470000, 0x000001cf43330000]
CodeHeap 'non-nmethods': size=5760Kb used=1415Kb max_used=1459Kb free=4344Kb
 bounds [0x000001cf43330000, 0x000001cf435a0000, 0x000001cf438d0000]
CodeCache: size=245760Kb, used=30715Kb, max_used=30759Kb, free=215042Kb
 total_blobs=11388, nmethods=10658, adapters=636, full_count=0
Compilation: enabled, stopped_count=0, restarted_count=0

Compilation events (20 events):
Event: 7418.508 Thread 0x000001cf4f6942a0 11379   !   3       org.eclipse.core.internal.utils.FileUtil::canonicalPath (43 bytes)
Event: 7418.568 Thread 0x000001cf4f6942a0 nmethod 11379 0x000001cf3d462190 code [0x000001cf3d462400, 0x000001cf3d462b88]
Event: 7461.170 Thread 0x000001cf4f6942a0 11380       3       com.google.gson.Gson::fromJson (10 bytes)
Event: 7461.182 Thread 0x000001cf4f6942a0 nmethod 11380 0x000001cf3d463010 code [0x000001cf3d4631e0, 0x000001cf3d463430]
Event: 7510.782 Thread 0x000001cf4f6942a0 11381       3       org.eclipse.osgi.storage.Storage::isReadOnly (10 bytes)
Event: 7510.793 Thread 0x000001cf4f6942a0 nmethod 11381 0x000001cf3d463590 code [0x000001cf3d463740, 0x000001cf3d4638c0]
Event: 7512.055 Thread 0x000001cf4f6942a0 11382       3       org.eclipse.core.internal.jobs.InternalJob::internalGetState (9 bytes)
Event: 7512.057 Thread 0x000001cf4f6942a0 nmethod 11382 0x000001cf3d463990 code [0x000001cf3d463b20, 0x000001cf3d463c30]
Event: 7581.326 Thread 0x000001cf4f6942a0 11383       3       com.google.gson.stream.JsonReader::peekNumber (486 bytes)
Event: 7581.344 Thread 0x000001cf4f6942a0 nmethod 11383 0x000001cf3d463d10 code [0x000001cf3d463f80, 0x000001cf3d464cf8]
Event: 7581.352 Thread 0x000001cf4f68ffb0 11384       4       org.eclipse.core.filesystem.provider.FileInfo::setAttribute (100 bytes)
Event: 7581.395 Thread 0x000001cf4f68ffb0 nmethod 11384 0x000001cf43f06e10 code [0x000001cf43f06fa0, 0x000001cf43f070c0]
Event: 7644.606 Thread 0x000001cf4f6942a0 11385       3       java.lang.ClassLoader::getBuiltinPlatformClassLoader (4 bytes)
Event: 7644.638 Thread 0x000001cf4f6942a0 nmethod 11385 0x000001cf3d464f10 code [0x000001cf3d4650c0, 0x000001cf3d465210]
Event: 7690.896 Thread 0x000001cf4f6942a0 11386   !   3       org.eclipse.osgi.internal.framework.StorageSaver$StorageSaverTask::run (31 bytes)
Event: 7690.978 Thread 0x000001cf4f6942a0 nmethod 11386 0x000001cf3d465290 code [0x000001cf3d465460, 0x000001cf3d465700]
Event: 7692.189 Thread 0x000001cf4f68ffb0 11389       4       jdk.internal.misc.Unsafe::weakCompareAndSetLong (11 bytes)
Event: 7692.306 Thread 0x000001cf4f68ffb0 nmethod 11389 0x000001cf43f07210 code [0x000001cf43f073a0, 0x000001cf43f07440]
Event: 7764.666 Thread 0x000001cf4f6942a0 11390       3       java.lang.ClassLoader::getPlatformClassLoader (21 bytes)
Event: 7764.684 Thread 0x000001cf4f6942a0 nmethod 11390 0x000001cf3d465890 code [0x000001cf3d465a60, 0x000001cf3d465cf0]

GC Heap History (20 events):
Event: 26.040 GC heap before
{Heap before GC invocations=61 (full 2):
 PSYoungGen      total 20992K, used 20976K [0x00000000d5580000, 0x00000000d6b80000, 0x0000000100000000)
  eden space 20480K, 100% used [0x00000000d5580000,0x00000000d6980000,0x00000000d6980000)
  from space 512K, 96% used [0x00000000d6b00000,0x00000000d6b7c010,0x00000000d6b80000)
  to   space 1024K, 0% used [0x00000000d6980000,0x00000000d6980000,0x00000000d6a80000)
 ParOldGen       total 78336K, used 78223K [0x0000000080000000, 0x0000000084c80000, 0x00000000d5580000)
  object space 78336K, 99% used [0x0000000080000000,0x0000000084c63eb0,0x0000000084c80000)
 Metaspace       used 54276K, committed 55680K, reserved 1114112K
  class space    used 5808K, committed 6400K, reserved 1048576K
}
Event: 26.047 GC heap after
{Heap after GC invocations=61 (full 2):
 PSYoungGen      total 21504K, used 992K [0x00000000d5580000, 0x00000000d7980000, 0x0000000100000000)
  eden space 20480K, 0% used [0x00000000d5580000,0x00000000d5580000,0x00000000d6980000)
  from space 1024K, 96% used [0x00000000d6980000,0x00000000d6a78020,0x00000000d6a80000)
  to   space 8192K, 0% used [0x00000000d7180000,0x00000000d7180000,0x00000000d7980000)
 ParOldGen       total 84480K, used 84267K [0x0000000080000000, 0x0000000085280000, 0x00000000d5580000)
  object space 84480K, 99% used [0x0000000080000000,0x000000008524af90,0x0000000085280000)
 Metaspace       used 54276K, committed 55680K, reserved 1114112K
  class space    used 5808K, committed 6400K, reserved 1048576K
}
Event: 26.660 GC heap before
{Heap before GC invocations=62 (full 2):
 PSYoungGen      total 21504K, used 21472K [0x00000000d5580000, 0x00000000d7980000, 0x0000000100000000)
  eden space 20480K, 100% used [0x00000000d5580000,0x00000000d6980000,0x00000000d6980000)
  from space 1024K, 96% used [0x00000000d6980000,0x00000000d6a78020,0x00000000d6a80000)
  to   space 8192K, 0% used [0x00000000d7180000,0x00000000d7180000,0x00000000d7980000)
 ParOldGen       total 84480K, used 84267K [0x0000000080000000, 0x0000000085280000, 0x00000000d5580000)
  object space 84480K, 99% used [0x0000000080000000,0x000000008524af90,0x0000000085280000)
 Metaspace       used 55814K, committed 57280K, reserved 1114112K
  class space    used 5976K, committed 6592K, reserved 1048576K
}
Event: 26.665 GC heap after
{Heap after GC invocations=62 (full 2):
 PSYoungGen      total 22016K, used 1355K [0x00000000d5580000, 0x00000000d7300000, 0x0000000100000000)
  eden space 20480K, 0% used [0x00000000d5580000,0x00000000d5580000,0x00000000d6980000)
  from space 1536K, 88% used [0x00000000d7180000,0x00000000d72d2e58,0x00000000d7300000)
  to   space 3584K, 0% used [0x00000000d6c00000,0x00000000d6c00000,0x00000000d6f80000)
 ParOldGen       total 85504K, used 85291K [0x0000000080000000, 0x0000000085380000, 0x00000000d5580000)
  object space 85504K, 99% used [0x0000000080000000,0x000000008534afc0,0x0000000085380000)
 Metaspace       used 55814K, committed 57280K, reserved 1114112K
  class space    used 5976K, committed 6592K, reserved 1048576K
}
Event: 27.275 GC heap before
{Heap before GC invocations=63 (full 2):
 PSYoungGen      total 22016K, used 21835K [0x00000000d5580000, 0x00000000d7300000, 0x0000000100000000)
  eden space 20480K, 100% used [0x00000000d5580000,0x00000000d6980000,0x00000000d6980000)
  from space 1536K, 88% used [0x00000000d7180000,0x00000000d72d2e58,0x00000000d7300000)
  to   space 3584K, 0% used [0x00000000d6c00000,0x00000000d6c00000,0x00000000d6f80000)
 ParOldGen       total 85504K, used 85291K [0x0000000080000000, 0x0000000085380000, 0x00000000d5580000)
  object space 85504K, 99% used [0x0000000080000000,0x000000008534afc0,0x0000000085380000)
 Metaspace       used 56677K, committed 58176K, reserved 1114112K
  class space    used 6086K, committed 6720K, reserved 1048576K
}
Event: 27.278 GC heap after
{Heap after GC invocations=63 (full 2):
 PSYoungGen      total 24064K, used 576K [0x00000000d5580000, 0x00000000d7200000, 0x0000000100000000)
  eden space 20480K, 0% used [0x00000000d5580000,0x00000000d5580000,0x00000000d6980000)
  from space 3584K, 16% used [0x00000000d6c00000,0x00000000d6c90020,0x00000000d6f80000)
  to   space 1536K, 0% used [0x00000000d7080000,0x00000000d7080000,0x00000000d7200000)
 ParOldGen       total 86528K, used 86515K [0x0000000080000000, 0x0000000085480000, 0x00000000d5580000)
  object space 86528K, 99% used [0x0000000080000000,0x000000008547cc70,0x0000000085480000)
 Metaspace       used 56677K, committed 58176K, reserved 1114112K
  class space    used 6086K, committed 6720K, reserved 1048576K
}
Event: 28.417 GC heap before
{Heap before GC invocations=64 (full 2):
 PSYoungGen      total 24064K, used 20998K [0x00000000d5580000, 0x00000000d7200000, 0x0000000100000000)
  eden space 20480K, 99% used [0x00000000d5580000,0x00000000d6971ac0,0x00000000d6980000)
  from space 3584K, 16% used [0x00000000d6c00000,0x00000000d6c90020,0x00000000d6f80000)
  to   space 1536K, 0% used [0x00000000d7080000,0x00000000d7080000,0x00000000d7200000)
 ParOldGen       total 86528K, used 86515K [0x0000000080000000, 0x0000000085480000, 0x00000000d5580000)
  object space 86528K, 99% used [0x0000000080000000,0x000000008547cc70,0x0000000085480000)
 Metaspace       used 57923K, committed 59392K, reserved 1114112K
  class space    used 6217K, committed 6848K, reserved 1048576K
}
Event: 28.419 GC heap after
{Heap after GC invocations=64 (full 2):
 PSYoungGen      total 20992K, used 416K [0x00000000d5580000, 0x00000000d7100000, 0x0000000100000000)
  eden space 20480K, 0% used [0x00000000d5580000,0x00000000d5580000,0x00000000d6980000)
  from space 512K, 81% used [0x00000000d7080000,0x00000000d70e8000,0x00000000d7100000)
  to   space 1024K, 0% used [0x00000000d6f00000,0x00000000d6f00000,0x00000000d7000000)
 ParOldGen       total 87040K, used 86819K [0x0000000080000000, 0x0000000085500000, 0x00000000d5580000)
  object space 87040K, 99% used [0x0000000080000000,0x00000000854c8c90,0x0000000085500000)
 Metaspace       used 57923K, committed 59392K, reserved 1114112K
  class space    used 6217K, committed 6848K, reserved 1048576K
}
Event: 28.711 GC heap before
{Heap before GC invocations=65 (full 2):
 PSYoungGen      total 20992K, used 7979K [0x00000000d5580000, 0x00000000d7100000, 0x0000000100000000)
  eden space 20480K, 36% used [0x00000000d5580000,0x00000000d5ce2fc0,0x00000000d6980000)
  from space 512K, 81% used [0x00000000d7080000,0x00000000d70e8000,0x00000000d7100000)
  to   space 1024K, 0% used [0x00000000d6f00000,0x00000000d6f00000,0x00000000d7000000)
 ParOldGen       total 87040K, used 86819K [0x0000000080000000, 0x0000000085500000, 0x00000000d5580000)
  object space 87040K, 99% used [0x0000000080000000,0x00000000854c8c90,0x0000000085500000)
 Metaspace       used 58284K, committed 59776K, reserved 1114112K
  class space    used 6259K, committed 6912K, reserved 1048576K
}
Event: 28.716 GC heap after
{Heap after GC invocations=65 (full 2):
 PSYoungGen      total 21504K, used 224K [0x00000000d5580000, 0x00000000d7100000, 0x0000000100000000)
  eden space 20480K, 0% used [0x00000000d5580000,0x00000000d5580000,0x00000000d6980000)
  from space 1024K, 21% used [0x00000000d6f00000,0x00000000d6f38000,0x00000000d7000000)
  to   space 512K, 0% used [0x00000000d7080000,0x00000000d7080000,0x00000000d7100000)
 ParOldGen       total 87552K, used 87131K [0x0000000080000000, 0x0000000085580000, 0x00000000d5580000)
  object space 87552K, 99% used [0x0000000080000000,0x0000000085516c90,0x0000000085580000)
 Metaspace       used 58284K, committed 59776K, reserved 1114112K
  class space    used 6259K, committed 6912K, reserved 1048576K
}
Event: 28.716 GC heap before
{Heap before GC invocations=66 (full 3):
 PSYoungGen      total 21504K, used 224K [0x00000000d5580000, 0x00000000d7100000, 0x0000000100000000)
  eden space 20480K, 0% used [0x00000000d5580000,0x00000000d5580000,0x00000000d6980000)
  from space 1024K, 21% used [0x00000000d6f00000,0x00000000d6f38000,0x00000000d7000000)
  to   space 512K, 0% used [0x00000000d7080000,0x00000000d7080000,0x00000000d7100000)
 ParOldGen       total 87552K, used 87131K [0x0000000080000000, 0x0000000085580000, 0x00000000d5580000)
  object space 87552K, 99% used [0x0000000080000000,0x0000000085516c90,0x0000000085580000)
 Metaspace       used 58284K, committed 59776K, reserved 1114112K
  class space    used 6259K, committed 6912K, reserved 1048576K
}
Event: 28.933 GC heap after
{Heap after GC invocations=66 (full 3):
 PSYoungGen      total 21504K, used 0K [0x00000000d5580000, 0x00000000d7100000, 0x0000000100000000)
  eden space 20480K, 0% used [0x00000000d5580000,0x00000000d5580000,0x00000000d6980000)
  from space 1024K, 0% used [0x00000000d6f00000,0x00000000d6f00000,0x00000000d7000000)
  to   space 512K, 0% used [0x00000000d7080000,0x00000000d7080000,0x00000000d7100000)
 ParOldGen       total 87552K, used 69351K [0x0000000080000000, 0x0000000085580000, 0x00000000d5580000)
  object space 87552K, 79% used [0x0000000080000000,0x00000000843b9e18,0x0000000085580000)
 Metaspace       used 58277K, committed 59776K, reserved 1114112K
  class space    used 6257K, committed 6912K, reserved 1048576K
}
Event: 29.502 GC heap before
{Heap before GC invocations=67 (full 3):
 PSYoungGen      total 21504K, used 20480K [0x00000000d5580000, 0x00000000d7100000, 0x0000000100000000)
  eden space 20480K, 100% used [0x00000000d5580000,0x00000000d6980000,0x00000000d6980000)
  from space 1024K, 0% used [0x00000000d6f00000,0x00000000d6f00000,0x00000000d7000000)
  to   space 512K, 0% used [0x00000000d7080000,0x00000000d7080000,0x00000000d7100000)
 ParOldGen       total 87552K, used 69351K [0x0000000080000000, 0x0000000085580000, 0x00000000d5580000)
  object space 87552K, 79% used [0x0000000080000000,0x00000000843b9fb0,0x0000000085580000)
 Metaspace       used 59403K, committed 60928K, reserved 1114112K
  class space    used 6381K, committed 7040K, reserved 1048576K
}
Event: 29.510 GC heap after
{Heap after GC invocations=67 (full 3):
 PSYoungGen      total 20992K, used 512K [0x00000000d5580000, 0x00000000d7100000, 0x0000000100000000)
  eden space 20480K, 0% used [0x00000000d5580000,0x00000000d5580000,0x00000000d6980000)
  from space 512K, 100% used [0x00000000d7080000,0x00000000d7100000,0x00000000d7100000)
  to   space 3072K, 0% used [0x00000000d6b00000,0x00000000d6b00000,0x00000000d6e00000)
 ParOldGen       total 87552K, used 71391K [0x0000000080000000, 0x0000000085580000, 0x00000000d5580000)
  object space 87552K, 81% used [0x0000000080000000,0x00000000845b7fc0,0x0000000085580000)
 Metaspace       used 59403K, committed 60928K, reserved 1114112K
  class space    used 6381K, committed 7040K, reserved 1048576K
}
Event: 30.105 GC heap before
{Heap before GC invocations=68 (full 3):
 PSYoungGen      total 20992K, used 20992K [0x00000000d5580000, 0x00000000d7100000, 0x0000000100000000)
  eden space 20480K, 100% used [0x00000000d5580000,0x00000000d6980000,0x00000000d6980000)
  from space 512K, 100% used [0x00000000d7080000,0x00000000d7100000,0x00000000d7100000)
  to   space 3072K, 0% used [0x00000000d6b00000,0x00000000d6b00000,0x00000000d6e00000)
 ParOldGen       total 87552K, used 71396K [0x0000000080000000, 0x0000000085580000, 0x00000000d5580000)
  object space 87552K, 81% used [0x0000000080000000,0x00000000845b9000,0x0000000085580000)
 Metaspace       used 60689K, committed 62272K, reserved 1114112K
  class space    used 6507K, committed 7168K, reserved 1048576K
}
Event: 30.108 GC heap after
{Heap after GC invocations=68 (full 3):
 PSYoungGen      total 23552K, used 2378K [0x00000000d5580000, 0x00000000d7100000, 0x0000000100000000)
  eden space 20480K, 0% used [0x00000000d5580000,0x00000000d5580000,0x00000000d6980000)
  from space 3072K, 77% used [0x00000000d6b00000,0x00000000d6d528a0,0x00000000d6e00000)
  to   space 2560K, 0% used [0x00000000d6e80000,0x00000000d6e80000,0x00000000d7100000)
 ParOldGen       total 87552K, used 71916K [0x0000000080000000, 0x0000000085580000, 0x00000000d5580000)
  object space 87552K, 82% used [0x0000000080000000,0x000000008463b000,0x0000000085580000)
 Metaspace       used 60689K, committed 62272K, reserved 1114112K
  class space    used 6507K, committed 7168K, reserved 1048576K
}
Event: 30.330 GC heap before
{Heap before GC invocations=69 (full 3):
 PSYoungGen      total 23552K, used 22858K [0x00000000d5580000, 0x00000000d7100000, 0x0000000100000000)
  eden space 20480K, 100% used [0x00000000d5580000,0x00000000d6980000,0x00000000d6980000)
  from space 3072K, 77% used [0x00000000d6b00000,0x00000000d6d528a0,0x00000000d6e00000)
  to   space 2560K, 0% used [0x00000000d6e80000,0x00000000d6e80000,0x00000000d7100000)
 ParOldGen       total 87552K, used 71916K [0x0000000080000000, 0x0000000085580000, 0x00000000d5580000)
  object space 87552K, 82% used [0x0000000080000000,0x000000008463b000,0x0000000085580000)
 Metaspace       used 60707K, committed 62272K, reserved 1114112K
  class space    used 6507K, committed 7168K, reserved 1048576K
}
Event: 30.333 GC heap after
{Heap after GC invocations=69 (full 3):
 PSYoungGen      total 21504K, used 979K [0x00000000d5580000, 0x00000000d6f80000, 0x0000000100000000)
  eden space 20480K, 0% used [0x00000000d5580000,0x00000000d5580000,0x00000000d6980000)
  from space 1024K, 95% used [0x00000000d6e80000,0x00000000d6f74e00,0x00000000d6f80000)
  to   space 1536K, 0% used [0x00000000d6c80000,0x00000000d6c80000,0x00000000d6e00000)
 ParOldGen       total 87552K, used 74094K [0x0000000080000000, 0x0000000085580000, 0x00000000d5580000)
  object space 87552K, 84% used [0x0000000080000000,0x000000008485bb28,0x0000000085580000)
 Metaspace       used 60707K, committed 62272K, reserved 1114112K
  class space    used 6507K, committed 7168K, reserved 1048576K
}
Event: 34.879 GC heap before
{Heap before GC invocations=70 (full 3):
 PSYoungGen      total 21504K, used 21459K [0x00000000d5580000, 0x00000000d6f80000, 0x0000000100000000)
  eden space 20480K, 100% used [0x00000000d5580000,0x00000000d6980000,0x00000000d6980000)
  from space 1024K, 95% used [0x00000000d6e80000,0x00000000d6f74e00,0x00000000d6f80000)
  to   space 1536K, 0% used [0x00000000d6c80000,0x00000000d6c80000,0x00000000d6e00000)
 ParOldGen       total 87552K, used 74094K [0x0000000080000000, 0x0000000085580000, 0x00000000d5580000)
  object space 87552K, 84% used [0x0000000080000000,0x000000008485bb28,0x0000000085580000)
 Metaspace       used 62093K, committed 63552K, reserved 1114112K
  class space    used 6629K, committed 7232K, reserved 1048576K
}
Event: 34.883 GC heap after
{Heap after GC invocations=70 (full 3):
 PSYoungGen      total 22016K, used 1392K [0x00000000d5580000, 0x00000000d6f00000, 0x0000000100000000)
  eden space 20480K, 0% used [0x00000000d5580000,0x00000000d5580000,0x00000000d6980000)
  from space 1536K, 90% used [0x00000000d6c80000,0x00000000d6ddc040,0x00000000d6e00000)
  to   space 1024K, 0% used [0x00000000d6e00000,0x00000000d6e00000,0x00000000d6f00000)
 ParOldGen       total 87552K, used 74376K [0x0000000080000000, 0x0000000085580000, 0x00000000d5580000)
  object space 87552K, 84% used [0x0000000080000000,0x00000000848a2218,0x0000000085580000)
 Metaspace       used 62093K, committed 63552K, reserved 1114112K
  class space    used 6629K, committed 7232K, reserved 1048576K
}

Dll operation events (10 events):
Event: 0.927 Loaded shared library c:\Users\Maria Luiza\.vscode\extensions\redhat.java-1.55.0-win32-x64\jre\21.0.11-win32-x86_64\bin\java.dll
Event: 1.063 Loaded shared library c:\Users\Maria Luiza\.vscode\extensions\redhat.java-1.55.0-win32-x64\jre\21.0.11-win32-x86_64\bin\zip.dll
Event: 1.102 Loaded shared library C:\Users\Maria Luiza\.vscode\extensions\redhat.java-1.55.0-win32-x64\jre\21.0.11-win32-x86_64\bin\instrument.dll
Event: 1.329 Loaded shared library C:\Users\Maria Luiza\.vscode\extensions\redhat.java-1.55.0-win32-x64\jre\21.0.11-win32-x86_64\bin\net.dll
Event: 1.478 Loaded shared library C:\Users\Maria Luiza\.vscode\extensions\redhat.java-1.55.0-win32-x64\jre\21.0.11-win32-x86_64\bin\nio.dll
Event: 1.486 Loaded shared library C:\Users\Maria Luiza\.vscode\extensions\redhat.java-1.55.0-win32-x64\jre\21.0.11-win32-x86_64\bin\zip.dll
Event: 1.526 Loaded shared library C:\Users\Maria Luiza\.vscode\extensions\redhat.java-1.55.0-win32-x64\jre\21.0.11-win32-x86_64\bin\jimage.dll
Event: 1.793 Loaded shared library c:\Users\Maria Luiza\.vscode\extensions\redhat.java-1.55.0-win32-x64\jre\21.0.11-win32-x86_64\bin\verify.dll
Event: 6.131 Loaded shared library C:\Users\Maria Luiza\AppData\Roaming\Code\User\globalStorage\redhat.java\1.55.0\config_win\org.eclipse.equinox.launcher\org.eclipse.equinox.launcher.win32.win32.x86_64_1.3.100.v20260613-0559\eclipse_11924.dll
Event: 10.946 Loaded shared library C:\Users\Maria Luiza\AppData\Local\Temp\jna-1085260093\jna14004104338790159498.dll

Deoptimization events (20 events):
Event: 34.835 Thread 0x000001cf929d0e70 DEOPT PACKING pc=0x000001cf3c5e7050 sp=0x0000002f7f8fea80
Event: 34.835 Thread 0x000001cf929d0e70 DEOPT UNPACKING pc=0x000001cf43384242 sp=0x0000002f7f8fdfd8 mode 0
Event: 34.836 Thread 0x000001cf929d0e70 DEOPT PACKING pc=0x000001cf3c5e7050 sp=0x0000002f7f8fea80
Event: 34.836 Thread 0x000001cf929d0e70 DEOPT UNPACKING pc=0x000001cf43384242 sp=0x0000002f7f8fdfd8 mode 0
Event: 34.836 Thread 0x000001cf929d0e70 DEOPT PACKING pc=0x000001cf3c5e7050 sp=0x0000002f7f8fea80
Event: 34.836 Thread 0x000001cf929d0e70 DEOPT UNPACKING pc=0x000001cf43384242 sp=0x0000002f7f8fdfd8 mode 0
Event: 34.839 Thread 0x000001cf929d0e70 DEOPT PACKING pc=0x000001cf3c5e7050 sp=0x0000002f7f8fea80
Event: 34.839 Thread 0x000001cf929d0e70 DEOPT UNPACKING pc=0x000001cf43384242 sp=0x0000002f7f8fdfd8 mode 0
Event: 34.840 Thread 0x000001cf929d0e70 DEOPT PACKING pc=0x000001cf3c5e7050 sp=0x0000002f7f8fea80
Event: 34.840 Thread 0x000001cf929d0e70 DEOPT UNPACKING pc=0x000001cf43384242 sp=0x0000002f7f8fdfd8 mode 0
Event: 34.841 Thread 0x000001cf929d0e70 DEOPT PACKING pc=0x000001cf3c5e7050 sp=0x0000002f7f8fea80
Event: 34.841 Thread 0x000001cf929d0e70 DEOPT UNPACKING pc=0x000001cf43384242 sp=0x0000002f7f8fdfd8 mode 0
Event: 34.841 Thread 0x000001cf929d0e70 DEOPT PACKING pc=0x000001cf3c5e7050 sp=0x0000002f7f8fea80
Event: 34.841 Thread 0x000001cf929d0e70 DEOPT UNPACKING pc=0x000001cf43384242 sp=0x0000002f7f8fdfd8 mode 0
Event: 37.142 Thread 0x000001cf98583400 DEOPT PACKING pc=0x000001cf3bf051cb sp=0x0000002f016fe800
Event: 37.142 Thread 0x000001cf98583400 DEOPT UNPACKING pc=0x000001cf43384242 sp=0x0000002f016fdcf8 mode 0
Event: 2661.194 Thread 0x000001cf98580610 DEOPT PACKING pc=0x000001cf3d16845b sp=0x0000002f015fed70
Event: 2661.227 Thread 0x000001cf98580610 DEOPT UNPACKING pc=0x000001cf43384242 sp=0x0000002f015fe290 mode 0
Event: 5948.050 Thread 0x000001cf98580610 DEOPT PACKING pc=0x000001cf3d3e25c1 sp=0x0000002f015fecf0
Event: 5948.055 Thread 0x000001cf98580610 DEOPT UNPACKING pc=0x000001cf43384242 sp=0x0000002f015fe1d0 mode 0

Classes loaded (20 events):
Event: 29.775 Loading class java/util/Hashtable$ValueCollection
Event: 29.776 Loading class java/util/Hashtable$ValueCollection done
Event: 30.573 Loading class java/util/stream/ReferencePipeline$4
Event: 30.573 Loading class java/util/stream/ReferencePipeline$4 done
Event: 30.574 Loading class java/util/stream/Nodes$IntFixedNodeBuilder
Event: 30.575 Loading class java/util/stream/Node$Builder$OfInt
Event: 30.575 Loading class java/util/stream/Node$Builder$OfInt done
Event: 30.575 Loading class java/util/stream/Nodes$IntArrayNode
Event: 30.575 Loading class java/util/stream/Nodes$IntArrayNode done
Event: 30.575 Loading class java/util/stream/Nodes$IntFixedNodeBuilder done
Event: 30.576 Loading class java/util/stream/ReferencePipeline$4$1
Event: 30.576 Loading class java/util/stream/ReferencePipeline$4$1 done
Event: 34.956 Loading class sun/nio/cs/ISO_8859_1$Encoder
Event: 34.956 Loading class sun/nio/cs/ISO_8859_1$Encoder done
Event: 34.956 Loading class sun/nio/cs/Surrogate$Parser
Event: 34.957 Loading class sun/nio/cs/Surrogate$Parser done
Event: 34.957 Loading class sun/nio/cs/Surrogate
Event: 34.957 Loading class sun/nio/cs/Surrogate done
Event: 37.153 Loading class java/util/HashMap$EntrySpliterator
Event: 37.153 Loading class java/util/HashMap$EntrySpliterator done

Classes unloaded (11 events):
Event: 12.178 Thread 0x000001cf4f673190 Unloading class 0x000001cf511ad400 'java/lang/invoke/LambdaForm$MH+0x000001cf511ad400'
Event: 12.178 Thread 0x000001cf4f673190 Unloading class 0x000001cf511ad000 'java/lang/invoke/LambdaForm$MH+0x000001cf511ad000'
Event: 12.178 Thread 0x000001cf4f673190 Unloading class 0x000001cf511acc00 'java/lang/invoke/LambdaForm$MH+0x000001cf511acc00'
Event: 12.178 Thread 0x000001cf4f673190 Unloading class 0x000001cf511ac800 'java/lang/invoke/LambdaForm$MH+0x000001cf511ac800'
Event: 12.178 Thread 0x000001cf4f673190 Unloading class 0x000001cf511ac400 'java/lang/invoke/LambdaForm$BMH+0x000001cf511ac400'
Event: 12.178 Thread 0x000001cf4f673190 Unloading class 0x000001cf511ac000 'java/lang/invoke/LambdaForm$DMH+0x000001cf511ac000'
Event: 12.178 Thread 0x000001cf4f673190 Unloading class 0x000001cf511aac00 'java/lang/invoke/LambdaForm$DMH+0x000001cf511aac00'
Event: 28.766 Thread 0x000001cf4f673190 Unloading class 0x000001cf516b5000 'java/lang/invoke/LambdaForm$MH+0x000001cf516b5000'
Event: 28.766 Thread 0x000001cf4f673190 Unloading class 0x000001cf516b4800 'java/lang/invoke/LambdaForm$MH+0x000001cf516b4800'
Event: 28.766 Thread 0x000001cf4f673190 Unloading class 0x000001cf516b4000 'java/lang/invoke/LambdaForm$MH+0x000001cf516b4000'
Event: 28.766 Thread 0x000001cf4f673190 Unloading class 0x000001cf51620800 'java/lang/invoke/LambdaForm$DMH+0x000001cf51620800'

Classes redefined (0 events):
No events

Internal exceptions (20 events):
Event: 26.757 Thread 0x000001cf9a0e9e00 Exception <a 'sun/nio/fs/WindowsException'{0x00000000d56c7900}> (0x00000000d56c7900) 
thrown [s\src\hotspot\share\prims\jni.cpp, line 520]
Event: 26.774 Thread 0x000001cf9a0e9e00 Exception <a 'sun/nio/fs/WindowsException'{0x00000000d599a508}> (0x00000000d599a508) 
thrown [s\src\hotspot\share\prims\jni.cpp, line 520]
Event: 26.775 Thread 0x000001cf9a0e9e00 Exception <a 'sun/nio/fs/WindowsException'{0x00000000d5a0f0f8}> (0x00000000d5a0f0f8) 
thrown [s\src\hotspot\share\prims\jni.cpp, line 520]
Event: 29.113 Thread 0x000001cf9857deb0 Implicit null exception at 0x000001cf43dc3227 to 0x000001cf43dc35c0
Event: 29.489 Thread 0x000001cf9a0e7d30 Exception <a 'java/lang/NoSuchMethodError'{0x00000000d67b45a0}: 'int java.lang.invoke.DirectMethodHandle$Holder.invokeSpecialIFC(java.lang.Object, java.lang.Object, java.lang.Object)'> (0x00000000d67b45a0) 
thrown [s\src\hotspot\share\interpreter\linkResolver.cpp, line 773]
Event: 29.518 Thread 0x000001cf9857deb0 Exception <a 'java/lang/NoSuchMethodError'{0x00000000d5614978}: 'java.lang.Object java.lang.invoke.DirectMethodHandle$Holder.invokeStatic(java.lang.Object, java.lang.Object, int, int)'> (0x00000000d5614978) 
thrown [s\src\hotspot\share\interpreter\linkResolver.cpp, line 773]
Event: 29.518 Thread 0x000001cf9857deb0 Exception <a 'java/lang/NoSuchMethodError'{0x00000000d56185f8}: 'java.lang.Object java.lang.invoke.DirectMethodHandle$Holder.invokeSpecial(java.lang.Object, java.lang.Object, java.lang.Object, int, int)'> (0x00000000d56185f8) 
thrown [s\src\hotspot\share\interpreter\linkResolver.cpp, line 773]
Event: 29.823 Thread 0x000001cf9857deb0 Exception <a 'java/lang/NoSuchMethodError'{0x00000000d5fe4458}: 'java.lang.Object java.lang.invoke.DirectMethodHandle$Holder.invokeStatic(java.lang.Object, java.lang.Object, int, java.lang.Object)'> (0x00000000d5fe4458) 
thrown [s\src\hotspot\share\interpreter\linkResolver.cpp, line 773]
Event: 29.825 Thread 0x000001cf9857deb0 Exception <a 'java/lang/NoSuchMethodError'{0x00000000d5feaa88}: 'java.lang.Object java.lang.invoke.DirectMethodHandle$Holder.newInvokeSpecial(java.lang.Object, java.lang.Object, int)'> (0x00000000d5feaa88) 
thrown [s\src\hotspot\share\interpreter\linkResolver.cpp, line 773]
Event: 37.135 Thread 0x000001cf98583400 Exception <a 'java/lang/IncompatibleClassChangeError'{0x00000000d564c3a0}: Found class java.lang.Object, but interface was expected> (0x00000000d564c3a0) 
thrown [s\src\hotspot\share\interpreter\linkResolver.cpp, line 840]
Event: 37.175 Thread 0x000001cf98583400 Exception <a 'java/lang/NoSuchMethodError'{0x00000000d56db7d8}: 'java.lang.Object java.lang.invoke.DirectMethodHandle$Holder.invokeSpecial(java.lang.Object, java.lang.Object, int, long)'> (0x00000000d56db7d8) 
thrown [s\src\hotspot\share\interpreter\linkResolver.cpp, line 773]
Event: 37.179 Thread 0x000001cf98583400 Exception <a 'sun/nio/fs/WindowsException'{0x00000000d56e5648}> (0x00000000d56e5648) 
thrown [s\src\hotspot\share\prims\jni.cpp, line 520]
Event: 37.179 Thread 0x000001cf98583400 Exception <a 'sun/nio/fs/WindowsException'{0x00000000d56e60c8}> (0x00000000d56e60c8) 
thrown [s\src\hotspot\share\prims\jni.cpp, line 520]
Event: 37.182 Thread 0x000001cf98583400 Exception <a 'sun/nio/fs/WindowsException'{0x00000000d56e73e0}> (0x00000000d56e73e0) 
thrown [s\src\hotspot\share\prims\jni.cpp, line 520]
Event: 37.182 Thread 0x000001cf98583400 Exception <a 'sun/nio/fs/WindowsException'{0x00000000d56e7e70}> (0x00000000d56e7e70) 
thrown [s\src\hotspot\share\prims\jni.cpp, line 520]
Event: 38.398 Thread 0x000001cf97409ea0 Exception <a 'sun/nio/fs/WindowsException'{0x00000000d577e6e8}> (0x00000000d577e6e8) 
thrown [s\src\hotspot\share\prims\jni.cpp, line 520]
Event: 38.398 Thread 0x000001cf97409ea0 Exception <a 'sun/nio/fs/WindowsException'{0x00000000d577ef18}> (0x00000000d577ef18) 
thrown [s\src\hotspot\share\prims\jni.cpp, line 520]
Event: 38.402 Thread 0x000001cf97409ea0 Exception <a 'sun/nio/fs/WindowsException'{0x00000000d57973f8}> (0x00000000d57973f8) 
thrown [s\src\hotspot\share\prims\jni.cpp, line 520]
Event: 38.402 Thread 0x000001cf97409ea0 Exception <a 'sun/nio/fs/WindowsException'{0x00000000d5797c28}> (0x00000000d5797c28) 
thrown [s\src\hotspot\share\prims\jni.cpp, line 520]
Event: 3080.919 Thread 0x000001cf98583400 Exception <a 'java/lang/IncompatibleClassChangeError'{0x00000000d5ce8e70}: Found class java.lang.Object, but interface was expected> (0x00000000d5ce8e70) 
thrown [s\src\hotspot\share\interpreter\linkResolver.cpp, line 840]

ZGC Phase Switch (0 events):
No events

VM Operations (20 events):
Event: 7938.152 Executing non-safepoint VM operation: HandshakeAllThreads (HandshakeForDeflation)
Event: 7938.156 Executing non-safepoint VM operation: HandshakeAllThreads (HandshakeForDeflation) done
Event: 7938.156 Executing non-safepoint VM operation: RendezvousGCThreads
Event: 7938.156 Executing non-safepoint VM operation: RendezvousGCThreads done
Event: 7998.245 Executing non-safepoint VM operation: HandshakeAllThreads (HandshakeForDeflation)
Event: 7998.247 Executing non-safepoint VM operation: HandshakeAllThreads (HandshakeForDeflation) done
Event: 7998.248 Executing non-safepoint VM operation: RendezvousGCThreads
Event: 7998.248 Executing non-safepoint VM operation: RendezvousGCThreads done
Event: 8058.385 Executing non-safepoint VM operation: HandshakeAllThreads (HandshakeForDeflation)
Event: 8058.433 Executing non-safepoint VM operation: HandshakeAllThreads (HandshakeForDeflation) done
Event: 8058.434 Executing non-safepoint VM operation: RendezvousGCThreads
Event: 8058.434 Executing non-safepoint VM operation: RendezvousGCThreads done
Event: 8238.437 Executing non-safepoint VM operation: HandshakeAllThreads (HandshakeForDeflation)
Event: 8238.440 Executing non-safepoint VM operation: HandshakeAllThreads (HandshakeForDeflation) done
Event: 8238.440 Executing non-safepoint VM operation: RendezvousGCThreads
Event: 8238.441 Executing non-safepoint VM operation: RendezvousGCThreads done
Event: 8298.662 Executing non-safepoint VM operation: HandshakeAllThreads (HandshakeForDeflation)
Event: 8298.737 Executing non-safepoint VM operation: HandshakeAllThreads (HandshakeForDeflation) done
Event: 8298.740 Executing non-safepoint VM operation: RendezvousGCThreads
Event: 8298.746 Executing non-safepoint VM operation: RendezvousGCThreads done

Memory protections (0 events):
No events

Nmethod flushes (20 events):
Event: 28.812 Thread 0x000001cf4f673190 flushing  nmethod 0x000001cf3c60f310
Event: 28.812 Thread 0x000001cf4f673190 flushing  nmethod 0x000001cf3c617710
Event: 28.812 Thread 0x000001cf4f673190 flushing  nmethod 0x000001cf3c61d410
Event: 28.812 Thread 0x000001cf4f673190 flushing  nmethod 0x000001cf3c61d910
Event: 28.812 Thread 0x000001cf4f673190 flushing  nmethod 0x000001cf3c61ee90
Event: 28.812 Thread 0x000001cf4f673190 flushing  nmethod 0x000001cf3c622e90
Event: 28.812 Thread 0x000001cf4f673190 flushing  nmethod 0x000001cf3c64c510
Event: 28.812 Thread 0x000001cf4f673190 flushing  nmethod 0x000001cf3c652210
Event: 28.812 Thread 0x000001cf4f673190 flushing osr nmethod 0x000001cf3c691910
Event: 28.812 Thread 0x000001cf4f673190 flushing osr nmethod 0x000001cf3c6b0090
Event: 28.812 Thread 0x000001cf4f673190 flushing  nmethod 0x000001cf3c6b8010
Event: 28.812 Thread 0x000001cf4f673190 flushing  nmethod 0x000001cf3c6c8290
Event: 28.812 Thread 0x000001cf4f673190 flushing  nmethod 0x000001cf3c6cb790
Event: 28.812 Thread 0x000001cf4f673190 flushing  nmethod 0x000001cf3c6dce10
Event: 28.812 Thread 0x000001cf4f673190 flushing  nmethod 0x000001cf3c6dd110
Event: 28.812 Thread 0x000001cf4f673190 flushing  nmethod 0x000001cf3c6f7a10
Event: 28.812 Thread 0x000001cf4f673190 flushing  nmethod 0x000001cf3c6f8110
Event: 28.812 Thread 0x000001cf4f673190 flushing  nmethod 0x000001cf3c6fbb90
Event: 28.812 Thread 0x000001cf4f673190 flushing  nmethod 0x000001cf3c705310
Event: 28.812 Thread 0x000001cf4f673190 flushing  nmethod 0x000001cf3c70a610

Events (20 events):
Event: 38.396 Thread 0x000001cf926737b0 Thread exited: 0x000001cf926737b0
Event: 38.396 Thread 0x000001cf92672a10 Thread exited: 0x000001cf92672a10
Event: 98.263 Thread 0x000001cf9857e540 Thread exited: 0x000001cf9857e540
Event: 98.415 Thread 0x000001cf9740abc0 Thread exited: 0x000001cf9740abc0
Event: 98.418 Thread 0x000001cf9a0e7d30 Thread exited: 0x000001cf9a0e7d30
Event: 158.447 Thread 0x000001cf9a0e9e00 Thread exited: 0x000001cf9a0e9e00
Event: 218.447 Thread 0x000001cf9a0e55d0 Thread exited: 0x000001cf9a0e55d0
Event: 278.454 Thread 0x000001cf9a0ec560 Thread exited: 0x000001cf9a0ec560
Event: 278.572 Thread 0x000001cf9857deb0 Thread exited: 0x000001cf9857deb0
Event: 329.203 Thread 0x000001cf9a0e83c0 Thread exited: 0x000001cf9a0e83c0
Event: 338.460 Thread 0x000001cf9a0e9770 Thread exited: 0x000001cf9a0e9770
Event: 398.533 Thread 0x000001cf9a0e8a50 Thread exited: 0x000001cf9a0e8a50
Event: 629.218 Thread 0x000001cf9a0e5c60 Thread exited: 0x000001cf9a0e5c60
Event: 929.228 Thread 0x000001cf9a0e76a0 Thread exited: 0x000001cf9a0e76a0
Event: 1229.237 Thread 0x000001cf985826e0 Thread exited: 0x000001cf985826e0
Event: 1529.252 Thread 0x000001cf98583a90 Thread exited: 0x000001cf98583a90
Event: 1829.288 Thread 0x000001cf9a0e6980 Thread exited: 0x000001cf9a0e6980
Event: 2129.303 Thread 0x000001cf9a0e62f0 Thread exited: 0x000001cf9a0e62f0
Event: 3081.186 Thread 0x000001cf98583400 Thread added: 0x000001cf9a13bfe0
Event: 3144.913 Thread 0x000001cf9a13bfe0 Thread exited: 0x000001cf9a13bfe0


Dynamic libraries:
0x00007ff6758a0000 - 0x00007ff6758ae000 	c:\Users\Maria Luiza\.vscode\extensions\redhat.java-1.55.0-win32-x64\jre\21.0.11-win32-x86_64\bin\java.exe
0x00007ff981e00000 - 0x00007ff982066000 	C:\WINDOWS\SYSTEM32\ntdll.dll
0x00007ff97fb70000 - 0x00007ff97fc39000 	C:\WINDOWS\System32\KERNEL32.DLL
0x00007ff97f090000 - 0x00007ff97f48a000 	C:\WINDOWS\System32\KERNELBASE.dll
0x00007ff97f940000 - 0x00007ff97fa8c000 	C:\WINDOWS\System32\ucrtbase.dll
0x00007ff96b860000 - 0x00007ff96b878000 	c:\Users\Maria Luiza\.vscode\extensions\redhat.java-1.55.0-win32-x64\jre\21.0.11-win32-x86_64\bin\jli.dll
0x00007ff96b770000 - 0x00007ff96b78e000 	c:\Users\Maria Luiza\.vscode\extensions\redhat.java-1.55.0-win32-x64\jre\21.0.11-win32-x86_64\bin\VCRUNTIME140.dll
0x00007ff980d50000 - 0x00007ff980f17000 	C:\WINDOWS\System32\USER32.dll
0x00007ff97fa90000 - 0x00007ff97fab7000 	C:\WINDOWS\System32\win32u.dll
0x00007ff980220000 - 0x00007ff98024b000 	C:\WINDOWS\System32\GDI32.dll
0x00007ff960b80000 - 0x00007ff960e12000 	C:\WINDOWS\WinSxS\amd64_microsoft.windows.common-controls_6595b64144ccf1df_6.0.26100.8521_none_3e08b75ce33403b3\COMCTL32.dll
0x00007ff97f810000 - 0x00007ff97f93b000 	C:\WINDOWS\System32\gdi32full.dll
0x00007ff97f6d0000 - 0x00007ff97f773000 	C:\WINDOWS\System32\msvcp_win.dll
0x00007ff981b30000 - 0x00007ff981bd9000 	C:\WINDOWS\System32\msvcrt.dll
0x00007ff9801d0000 - 0x00007ff980202000 	C:\WINDOWS\System32\IMM32.DLL
0x00007ff979f30000 - 0x00007ff979f3c000 	c:\Users\Maria Luiza\.vscode\extensions\redhat.java-1.55.0-win32-x64\jre\21.0.11-win32-x86_64\bin\vcruntime140_1.dll
0x00007ff961400000 - 0x00007ff96148d000 	c:\Users\Maria Luiza\.vscode\extensions\redhat.java-1.55.0-win32-x64\jre\21.0.11-win32-x86_64\bin\msvcp140.dll
0x00007ff903bd0000 - 0x00007ff904972000 	c:\Users\Maria Luiza\.vscode\extensions\redhat.java-1.55.0-win32-x64\jre\21.0.11-win32-x86_64\bin\server\jvm.dll
0x00007ff981ca0000 - 0x00007ff981d56000 	C:\WINDOWS\System32\ADVAPI32.dll
0x00007ff9812b0000 - 0x00007ff98135a000 	C:\WINDOWS\System32\sechost.dll
0x00007ff980a30000 - 0x00007ff980b48000 	C:\WINDOWS\System32\RPCRT4.dll
0x00007ff980140000 - 0x00007ff9801c0000 	C:\WINDOWS\System32\WS2_32.dll
0x00007ff97eef0000 - 0x00007ff97ef4e000 	C:\WINDOWS\SYSTEM32\POWRPROF.dll
0x00007ff9728a0000 - 0x00007ff9728d6000 	C:\WINDOWS\SYSTEM32\WINMM.dll
0x00007ff977a30000 - 0x00007ff977a3b000 	C:\WINDOWS\SYSTEM32\VERSION.dll
0x00007ff97eed0000 - 0x00007ff97eee4000 	C:\WINDOWS\SYSTEM32\UMPDC.dll
0x00007ff97de20000 - 0x00007ff97de3b000 	C:\WINDOWS\SYSTEM32\kernel.appcore.dll
0x00007ff979ee0000 - 0x00007ff979eea000 	c:\Users\Maria Luiza\.vscode\extensions\redhat.java-1.55.0-win32-x64\jre\21.0.11-win32-x86_64\bin\jimage.dll
0x00007ff975910000 - 0x00007ff975b52000 	C:\WINDOWS\SYSTEM32\DBGHELP.DLL
0x00007ff980f20000 - 0x00007ff9812a3000 	C:\WINDOWS\System32\combase.dll
0x00007ff980b50000 - 0x00007ff980c29000 	C:\WINDOWS\System32\OLEAUT32.dll
0x00007ff964cc0000 - 0x00007ff964cfb000 	C:\WINDOWS\SYSTEM32\dbgcore.DLL
0x00007ff97fac0000 - 0x00007ff97fb68000 	C:\WINDOWS\System32\bcryptPrimitives.dll
0x00007ff978ac0000 - 0x00007ff978acf000 	c:\Users\Maria Luiza\.vscode\extensions\redhat.java-1.55.0-win32-x64\jre\21.0.11-win32-x86_64\bin\instrument.dll
0x00007ff96b2c0000 - 0x00007ff96b2e0000 	c:\Users\Maria Luiza\.vscode\extensions\redhat.java-1.55.0-win32-x64\jre\21.0.11-win32-x86_64\bin\java.dll
0x00007ff981360000 - 0x00007ff981ae4000 	C:\WINDOWS\System32\SHELL32.dll
0x00007ff97cc50000 - 0x00007ff97d4d0000 	C:\WINDOWS\SYSTEM32\windows.storage.dll
0x00007ff9803b0000 - 0x00007ff9804a6000 	C:\WINDOWS\System32\SHCORE.dll
0x00007ff9800d0000 - 0x00007ff980137000 	C:\WINDOWS\System32\shlwapi.dll
0x00007ff97efb0000 - 0x00007ff97efd9000 	C:\WINDOWS\SYSTEM32\profapi.dll
0x00007ff96b190000 - 0x00007ff96b1a8000 	c:\Users\Maria Luiza\.vscode\extensions\redhat.java-1.55.0-win32-x64\jre\21.0.11-win32-x86_64\bin\zip.dll
0x00007ff96ff10000 - 0x00007ff96ff20000 	C:\Users\Maria Luiza\.vscode\extensions\redhat.java-1.55.0-win32-x64\jre\21.0.11-win32-x86_64\bin\net.dll
0x00007ff978ba0000 - 0x00007ff978cc9000 	C:\WINDOWS\SYSTEM32\WINHTTP.dll
0x00007ff97e390000 - 0x00007ff97e3fc000 	C:\WINDOWS\system32\mswsock.dll
0x00007ff96a380000 - 0x00007ff96a396000 	C:\Users\Maria Luiza\.vscode\extensions\redhat.java-1.55.0-win32-x64\jre\21.0.11-win32-x86_64\bin\nio.dll
0x00007ff96ea20000 - 0x00007ff96ea30000 	c:\Users\Maria Luiza\.vscode\extensions\redhat.java-1.55.0-win32-x64\jre\21.0.11-win32-x86_64\bin\verify.dll
0x00007ff966270000 - 0x00007ff9662b5000 	C:\Users\Maria Luiza\AppData\Roaming\Code\User\globalStorage\redhat.java\1.55.0\config_win\org.eclipse.equinox.launcher\org.eclipse.equinox.launcher.win32.win32.x86_64_1.3.100.v20260613-0559\eclipse_11924.dll
0x00007ff980710000 - 0x00007ff9808a8000 	C:\WINDOWS\System32\ole32.dll
0x00007ff97e680000 - 0x00007ff97e69b000 	C:\WINDOWS\SYSTEM32\CRYPTSP.dll
0x00007ff97dd80000 - 0x00007ff97ddb9000 	C:\WINDOWS\system32\rsaenh.dll
0x00007ff97e440000 - 0x00007ff97e473000 	C:\WINDOWS\SYSTEM32\USERENV.dll
0x00007ff97ef80000 - 0x00007ff97efaa000 	C:\WINDOWS\SYSTEM32\bcrypt.dll
0x00007ff97e670000 - 0x00007ff97e67c000 	C:\WINDOWS\SYSTEM32\CRYPTBASE.dll
0x00007ff97d800000 - 0x00007ff97d833000 	C:\WINDOWS\SYSTEM32\IPHLPAPI.DLL
0x00007ff980c30000 - 0x00007ff980c3a000 	C:\WINDOWS\System32\NSI.dll
0x00007ff963ed0000 - 0x00007ff963f19000 	C:\Users\Maria Luiza\AppData\Local\Temp\jna-1085260093\jna14004104338790159498.dll
0x00007ff981b20000 - 0x00007ff981b28000 	C:\WINDOWS\System32\PSAPI.DLL
0x00007ff978da0000 - 0x00007ff978dbd000 	C:\WINDOWS\SYSTEM32\dhcpcsvc6.DLL
0x00007ff978d40000 - 0x00007ff978d65000 	C:\WINDOWS\SYSTEM32\dhcpcsvc.DLL

JVMTI agents:
c:\Users\Maria Luiza\.vscode\extensions\redhat.java-1.55.0-win32-x64\lombok\lombok-1.18.39-4050.jar path:c:\Users\Maria Luiza\.vscode\extensions\redhat.java-1.55.0-win32-x64\jre\21.0.11-win32-x86_64\bin\instrument.dll, loaded, initialized, instrumentlib options:none

dbghelp: loaded successfully - version: 4.0.5 - missing functions: none
symbol engine: initialized successfully - sym options: 0x614 - pdb path: .;c:\Users\Maria Luiza\.vscode\extensions\redhat.java-1.55.0-win32-x64\jre\21.0.11-win32-x86_64\bin;C:\WINDOWS\SYSTEM32;C:\WINDOWS\WinSxS\amd64_microsoft.windows.common-controls_6595b64144ccf1df_6.0.26100.8521_none_3e08b75ce33403b3;c:\Users\Maria Luiza\.vscode\extensions\redhat.java-1.55.0-win32-x64\jre\21.0.11-win32-x86_64\bin\server;C:\Users\Maria Luiza\AppData\Roaming\Code\User\globalStorage\redhat.java\1.55.0\config_win\org.eclipse.equinox.launcher\org.eclipse.equinox.launcher.win32.win32.x86_64_1.3.100.v20260613-0559;C:\Users\Maria Luiza\AppData\Local\Temp\jna-1085260093

VM Arguments:
jvm_args: --add-modules=ALL-SYSTEM --add-opens=java.base/java.util=ALL-UNNAMED --add-opens=java.base/java.lang=ALL-UNNAMED --add-opens=java.base/sun.nio.fs=ALL-UNNAMED -Declipse.application=org.eclipse.jdt.ls.core.id1 -Dosgi.bundles.defaultStartLevel=4 -Declipse.product=org.eclipse.jdt.ls.core.product -Djava.import.generatesMetadataFilesAtProjectRoot=false -DDetectVMInstallationsJob.disabled=true -Dfile.encoding=utf8 -XX:+UseParallelGC -XX:GCTimeRatio=4 -XX:AdaptiveSizePolicyWeight=90 -Dsun.zip.disableMemoryMapping=true -Xmx2G -Xms100m -Xlog:disable -javaagent:c:\Users\Maria Luiza\.vscode\extensions\redhat.java-1.55.0-win32-x64\lombok\lombok-1.18.39-4050.jar -XX:+HeapDumpOnOutOfMemoryError -XX:HeapDumpPath=c:\Users\Maria Luiza\AppData\Roaming\Code\User\workspaceStorage\c32f2c3fa466b7c56e049e5eb102331f\redhat.java -Daether.dependencyCollector.impl=bf 
java_command: c:\Users\Maria Luiza\.vscode\extensions\redhat.java-1.55.0-win32-x64\server\plugins\org.eclipse.equinox.launcher_1.7.200.v20260619-2039.jar -configuration c:\Users\Maria Luiza\AppData\Roaming\Code\User\globalStorage\redhat.java\1.55.0\config_win -data c:\Users\Maria Luiza\AppData\Roaming\Code\User\workspaceStorage\c32f2c3fa466b7c56e049e5eb102331f\redhat.java\jdt_ws --pipe=\\.\pipe\lsp-f477b5baa3b4245c139ce292add7f10c-sock
java_class_path (initial): c:\Users\Maria Luiza\.vscode\extensions\redhat.java-1.55.0-win32-x64\server\plugins\org.eclipse.equinox.launcher_1.7.200.v20260619-2039.jar
Launcher Type: SUN_STANDARD

[Global flags]
    uintx AdaptiveSizePolicyWeight                 = 90                                        {product} {command line}
     intx CICompilerCount                          = 4                                         {product} {ergonomic}
    uintx GCTimeRatio                              = 4                                         {product} {command line}
     bool HeapDumpOnOutOfMemoryError               = true                                   {manageable} {command line}
    ccstr HeapDumpPath                             = c:\Users\Maria Luiza\AppData\Roaming\Code\User\workspaceStorage\c32f2c3fa466b7c56e049e5eb102331f\redhat.java         {manageable} {command line}
   size_t InitialHeapSize                          = 104857600                                 {product} {command line}
   size_t MaxHeapSize                              = 2147483648                                {product} {command line}
   size_t MaxNewSize                               = 715653120                                 {product} {ergonomic}
   size_t MinHeapDeltaBytes                        = 524288                                    {product} {ergonomic}
   size_t MinHeapSize                              = 104857600                                 {product} {command line}
   size_t NewSize                                  = 34603008                                  {product} {ergonomic}
    uintx NonNMethodCodeHeapSize                   = 5839372                                {pd product} {ergonomic}
    uintx NonProfiledCodeHeapSize                  = 122909434                              {pd product} {ergonomic}
   size_t OldSize                                  = 70254592                                  {product} {ergonomic}
    uintx ProfiledCodeHeapSize                     = 122909434                              {pd product} {ergonomic}
    uintx ReservedCodeCacheSize                    = 251658240                              {pd product} {ergonomic}
     bool SegmentedCodeCache                       = true                                      {product} {ergonomic}
   size_t SoftMaxHeapSize                          = 2147483648                             {manageable} {ergonomic}
     bool UseCompressedOops                        = true                           {product lp64_product} {ergonomic}
     bool UseLargePagesIndividualAllocation        = false                                  {pd product} {ergonomic}
     bool UseParallelGC                            = true                                      {product} {command line}

Logging:
Log output configuration:
 #0: stdout all=off uptime,level,tags foldmultilines=false
 #1: stderr all=off uptime,level,tags foldmultilines=false

Release file:
JAVA_VERSION="21.0.11" 
MODULES="java.base java.compiler java.datatransfer java.xml java.prefs java.desktop java.instrument java.logging java.management java.security.sasl java.naming java.rmi java.management.rmi java.net.http java.scripting java.security.jgss java.transaction.xa java.sql java.sql.rowset java.xml.crypto java.se java.smartcardio jdk.accessibility jdk.internal.jvmstat jdk.attach jdk.charsets jdk.internal.opt jdk.zipfs jdk.compiler jdk.crypto.ec jdk.crypto.cryptoki jdk.crypto.mscapi jdk.dynalink jdk.internal.ed jdk.editpad jdk.hotspot.agent jdk.httpserver jdk.internal.le jdk.internal.vm.ci jdk.internal.vm.compiler jdk.internal.vm.compiler.management jdk.jartool jdk.javadoc jdk.jcmd jdk.management jdk.management.agent jdk.jconsole jdk.jdeps jdk.jdwp.agent jdk.jdi jdk.jfr jdk.jshell jdk.jsobject jdk.jstatd jdk.localedata jdk.management.jfr jdk.naming.dns jdk.naming.rmi jdk.net jdk.nio.mapmode jdk.random jdk.sctp jdk.security.auth jdk.security.jgss jdk.unsupported jdk.unsupported.desktop jdk.xml.dom" 

Environment Variables:
PATH=C:\Program Files\Common Files\Oracle\Java\javapath;C:\WINDOWS\system32;C:\WINDOWS;C:\WINDOWS\System32\Wbem;C:\WINDOWS\System32\WindowsPowerShell\v1.0\;C:\WINDOWS\System32\OpenSSH\;C:\Program Files\Git\cmd;C:\Program Files\Graphviz\bin;C:\Program Files\nodejs\;C:\msys64\mingw64\bin;;C:\Program Files\Docker\Docker\resources\bin;C:\Users\Maria Luiza\AppData\Local\Programs\Python\Python314\Scripts\;C:\Users\Maria Luiza\AppData\Local\Programs\Python\Python314\;C:\Users\Maria Luiza\.local\bin;C:\Users\Maria Luiza\AppData\Local\Programs\Eclipse Adoptium\jdk-25.0.2.10-hotspot\bin;C:\Users\Maria Luiza\AppData\Local\Microsoft\WindowsApps;C:\Users\Maria Luiza\AppData\Local\Programs\Microsoft VS Code\bin;C:\Users\Maria Luiza\AppData\Local\Python\bin;C:\Users\Maria Luiza\AppData\Roaming\npm;C:\msys64\mingw64\bin;
USERNAME=Maria Luiza
OS=Windows_NT
PROCESSOR_IDENTIFIER=AMD64 Family 23 Model 160 Stepping 0, AuthenticAMD
TMP=C:\Users\MARIAL~1\AppData\Local\Temp
TEMP=C:\Users\MARIAL~1\AppData\Local\Temp




Periodic native trim disabled

---------------  S Y S T E M  ---------------

OS:
 Windows 11 , 64 bit Build 26100 (10.0.26100.8521)
OS uptime: 5 days 16:50 hours
Hyper-V role detected

CPU: total 8 (initial active 8) (8 cores per cpu, 2 threads per core) family 23 model 160 stepping 0 microcode 0x8a0000a, cx8, cmov, fxsr, ht, mmx, 3dnowpref, sse, sse2, sse3, ssse3, sse4a, sse4.1, sse4.2, popcnt, lzcnt, tsc, tscinvbit, avx, avx2, aes, clmul, bmi1, bmi2, adx, sha, fma, vzeroupper, clflush, clflushopt, hv, rdtscp, rdpid, f16c
Processor Information for the first 8 processors :
  Max Mhz: 2801, Current Mhz: 2801, Mhz Limit: 2801

Memory: 4k page, system-wide physical 5877M (297M free)
TotalPageFile size 24309M (AvailPageFile size 6M)
current process WorkingSet (physical memory assigned to process): 7M, peak: 287M
current process commit charge ("private bytes"): 363M, peak: 393M

vm_info: OpenJDK 64-Bit Server VM (21.0.11+10-LTS) for windows-amd64 JRE (21.0.11+10-LTS), built on 2026-04-21T00:00:00Z by "admin" with MS VC++ 17.12 (VS2022)

END.
