#
# There is insufficient memory for the Java Runtime Environment to continue.
# Native memory allocation (malloc) failed to allocate 201616 bytes. Error detail: Chunk::new
# Possible reasons:
#   The system is out of physical RAM or swap space
#   This process is running with CompressedOops enabled, and the Java Heap may be blocking the growth of the native heap
# Possible solutions:
#   Reduce memory load on the system
#   Increase physical memory or swap space
#   Check if swap backing store is full
#   Decrease Java heap size (-Xmx/-Xms)
#   Decrease number of Java threads
#   Decrease Java thread stack sizes (-Xss)
#   Set larger code cache with -XX:ReservedCodeCacheSize=
#   JVM is running with Unscaled Compressed Oops mode in which the Java heap is
#     placed in the first 4GB address space. The Java Heap base address is the
#     maximum limit for the native heap growth. Please use -XX:HeapBaseMinAddress
#     to set the Java Heap base and to place the Java Heap above 4GB virtual address.
# This output file may be truncated or incomplete.
#
#  Out of Memory Error (arena.cpp:168), pid=14092, tid=24676
#
# JRE version: OpenJDK Runtime Environment Temurin-21.0.11+10 (21.0.11+10) (build 21.0.11+10-LTS)
# Java VM: OpenJDK 64-Bit Server VM Temurin-21.0.11+10 (21.0.11+10-LTS, mixed mode, sharing, tiered, compressed oops, compressed class ptrs, parallel gc, windows-amd64)
# No core dump will be written. Minidumps are not enabled by default on client versions of Windows
#

---------------  S U M M A R Y ------------

Command Line: --add-modules=ALL-SYSTEM --add-opens=java.base/java.util=ALL-UNNAMED --add-opens=java.base/java.lang=ALL-UNNAMED --add-opens=java.base/sun.nio.fs=ALL-UNNAMED -Declipse.application=org.eclipse.jdt.ls.core.id1 -Dosgi.bundles.defaultStartLevel=4 -Declipse.product=org.eclipse.jdt.ls.core.product -Djava.import.generatesMetadataFilesAtProjectRoot=false -DDetectVMInstallationsJob.disabled=true -Dfile.encoding=utf8 -XX:+UseParallelGC -XX:GCTimeRatio=4 -XX:AdaptiveSizePolicyWeight=90 -Dsun.zip.disableMemoryMapping=true -Xmx2G -Xms100m -Xlog:disable -javaagent:c:\Users\Maria Luiza\.vscode\extensions\redhat.java-1.55.0-win32-x64\lombok\lombok-1.18.39-4050.jar -XX:+HeapDumpOnOutOfMemoryError -XX:HeapDumpPath=c:\Users\Maria Luiza\AppData\Roaming\Code\User\workspaceStorage\c32f2c3fa466b7c56e049e5eb102331f\redhat.java -Daether.dependencyCollector.impl=bf c:\Users\Maria Luiza\.vscode\extensions\redhat.java-1.55.0-win32-x64\server\plugins\org.eclipse.equinox.launcher_1.7.200.v20260619-2039.jar -configuration c:\Users\Maria Luiza\AppData\Roaming\Code\User\globalStorage\redhat.java\1.55.0\config_win -data c:\Users\Maria Luiza\AppData\Roaming\Code\User\workspaceStorage\c32f2c3fa466b7c56e049e5eb102331f\redhat.java\jdt_ws --pipe=\\.\pipe\lsp-43892a8f27cc6a091956372f1b0eb8cc-sock

Host: AMD Ryzen 5 7520U with Radeon Graphics         , 8 cores, 5G,  Windows 11 , 64 bit Build 26100 (10.0.26100.8521)
Time: Mon Jun 29 17:21:19 2026 Hora oficial do Brasil elapsed time: 14.245438 seconds (0d 0h 0m 14s)

---------------  T H R E A D  ---------------

Current thread (0x000002bbb8a4e7d0):  JavaThread "C2 CompilerThread0" daemon [_thread_in_native, id=24676, stack(0x000000f96e600000,0x000000f96e700000) (1024K)]


Current CompileTask:
C2:14249 1056   !   4       java.util.jar.Attributes::read (494 bytes)

Stack: [0x000000f96e600000,0x000000f96e700000]
Native frames: (J=compiled Java code, j=interpreted, Vv=VM code, C=native code)
V  [jvm.dll+0x6d7e19]
V  [jvm.dll+0x8b5096]
V  [jvm.dll+0x8b764e]
V  [jvm.dll+0x8b7d33]
V  [jvm.dll+0x284596]
V  [jvm.dll+0xc685d]
V  [jvm.dll+0xc6da1]
V  [jvm.dll+0x2fb4ee]
V  [jvm.dll+0x5fe9a4]
V  [jvm.dll+0x255d67]
V  [jvm.dll+0x24ddab]
V  [jvm.dll+0x24bbe6]
V  [jvm.dll+0x1cb4ae]
V  [jvm.dll+0x25baad]
V  [jvm.dll+0x25a03a]
V  [jvm.dll+0x3f868e]
V  [jvm.dll+0x85fb0d]
V  [jvm.dll+0x6d664d]
C  [ucrtbase.dll+0x2cd30]
C  [KERNEL32.DLL+0x2e957]
C  [ntdll.dll+0x87c1c]


---------------  P R O C E S S  ---------------

Threads class SMR info:
_java_thread_list=0x000002bc167ffc70, length=12, elements={
0x000002bbb8abf7e0, 0x000002bbb8b7e630, 0x000002bbb8a3a930, 0x000002bbb8a3d270,
0x000002bbb8a3dcd0, 0x000002bbb8a3e730, 0x000002bbb8a406f0, 0x000002bbb8a4e7d0,
0x000002bbb8a69640, 0x000002bc16244540, 0x000002bc1626a1b0, 0x000002bc16393ab0
}

Java Threads: ( => current thread )
  0x000002bbb8abf7e0 JavaThread "main"                              [_thread_in_vm, id=6772, stack(0x000000f96dc00000,0x000000f96dd00000) (1024K)]
  0x000002bbb8b7e630 JavaThread "Reference Handler"          daemon [_thread_blocked, id=23624, stack(0x000000f96e000000,0x000000f96e100000) (1024K)]
  0x000002bbb8a3a930 JavaThread "Finalizer"                  daemon [_thread_blocked, id=14020, stack(0x000000f96e100000,0x000000f96e200000) (1024K)]
  0x000002bbb8a3d270 JavaThread "Signal Dispatcher"          daemon [_thread_blocked, id=4828, stack(0x000000f96e200000,0x000000f96e300000) (1024K)]
  0x000002bbb8a3dcd0 JavaThread "Attach Listener"            daemon [_thread_blocked, id=19640, stack(0x000000f96e300000,0x000000f96e400000) (1024K)]
  0x000002bbb8a3e730 JavaThread "Service Thread"             daemon [_thread_blocked, id=24536, stack(0x000000f96e400000,0x000000f96e500000) (1024K)]
  0x000002bbb8a406f0 JavaThread "Monitor Deflation Thread"   daemon [_thread_blocked, id=24624, stack(0x000000f96e500000,0x000000f96e600000) (1024K)]
=>0x000002bbb8a4e7d0 JavaThread "C2 CompilerThread0"         daemon [_thread_in_native, id=24676, stack(0x000000f96e600000,0x000000f96e700000) (1024K)]
  0x000002bbb8a69640 JavaThread "C1 CompilerThread0"         daemon [_thread_blocked, id=19616, stack(0x000000f96e700000,0x000000f96e800000) (1024K)]
  0x000002bc16244540 JavaThread "Common-Cleaner"             daemon [_thread_blocked, id=22756, stack(0x000000f96e800000,0x000000f96e900000) (1024K)]
  0x000002bc1626a1b0 JavaThread "Notification Thread"        daemon [_thread_blocked, id=5040, stack(0x000000f96e900000,0x000000f96ea00000) (1024K)]
  0x000002bc16393ab0 JavaThread "C2 CompilerThread1"         daemon [_thread_in_vm, id=10632, stack(0x000000f96ea00000,0x000000f96eb00000) (1024K)]
Total: 12

Other Threads:
  0x000002bbb8a334d0 VMThread "VM Thread"                           [id=2516, stack(0x000000f96df00000,0x000000f96e000000) (1024K)]
  0x000002bbb8b33150 WatcherThread "VM Periodic Task Thread"        [id=17896, stack(0x000000f96de00000,0x000000f96df00000) (1024K)]
  0x000002bbb8addef0 WorkerThread "GC Thread#0"                     [id=7452, stack(0x000000f96dd00000,0x000000f96de00000) (1024K)]
  0x000002bc1663a5f0 WorkerThread "GC Thread#1"                     [id=25084, stack(0x000000f96eb00000,0x000000f96ec00000) (1024K)]
  0x000002bc1662f760 WorkerThread "GC Thread#2"                     [id=24316, stack(0x000000f96ec00000,0x000000f96ed00000) (1024K)]
  0x000002bc16394390 WorkerThread "GC Thread#3"                     [id=22848, stack(0x000000f96ed00000,0x000000f96ee00000) (1024K)]
  0x000002bc16737fe0 WorkerThread "GC Thread#4"                     [id=12752, stack(0x000000f96ee00000,0x000000f96ef00000) (1024K)]
  0x000002bc16738390 WorkerThread "GC Thread#5"                     [id=19080, stack(0x000000f96ef00000,0x000000f96f000000) (1024K)]
  0x000002bc1646a000 WorkerThread "GC Thread#6"                     [id=23428, stack(0x000000f96f000000,0x000000f96f100000) (1024K)]
Total: 9

Threads with active compile tasks:
C2 CompilerThread0  17327 1056   !   4       java.util.jar.Attributes::read (494 bytes)
C2 CompilerThread1  17327 1057       4       java.lang.String::<init> (22 bytes)
Total: 2

VM state: not at safepoint (normal execution)

VM Mutex/Monitor currently owned by a thread: None

Heap address: 0x0000000080000000, size: 2048 MB, Compressed Oops mode: 32-bit

CDS archive(s) mapped at: [0x000002bbd0000000-0x000002bbd0ba0000-0x000002bbd0ba0000), size 12189696, SharedBaseAddress: 0x000002bbd0000000, ArchiveRelocationMode: 1.
Compressed class space mapped at: 0x000002bbd1000000-0x000002bc11000000, reserved size: 1073741824
Narrow klass base: 0x000002bbd0000000, Narrow klass shift: 0, Narrow klass range: 0x100000000

GC Precious Log:
 CardTable entry size: 512
 CPUs: 8 total, 8 available
 Memory: 5877M
 Large Page Support: Disabled
 NUMA Support: Disabled
 Compressed Oops: Enabled (32-bit)
 Alignments: Space 512K, Generation 512K, Heap 2M
 Heap Min Capacity: 100M
 Heap Initial Capacity: 100M
 Heap Max Capacity: 2G
 Pre-touch: Disabled
 Parallel Workers: 8

Heap:
 PSYoungGen      total 29696K, used 3775K [0x00000000d5580000, 0x00000000d7680000, 0x0000000100000000)
  eden space 25600K, 1% used [0x00000000d5580000,0x00000000d55fdf28,0x00000000d6e80000)
  from space 4096K, 79% used [0x00000000d6e80000,0x00000000d71b1e98,0x00000000d7280000)
  to   space 4096K, 0% used [0x00000000d7280000,0x00000000d7280000,0x00000000d7680000)
 ParOldGen       total 68608K, used 16K [0x0000000080000000, 0x0000000084300000, 0x00000000d5580000)
  object space 68608K, 0% used [0x0000000080000000,0x0000000080004000,0x0000000084300000)
 Metaspace       used 4415K, committed 4608K, reserved 1114112K
  class space    used 477K, committed 576K, reserved 1048576K

Card table byte_map: [0x000002bbb8460000,0x000002bbb8870000] _byte_map_base: 0x000002bbb8060000

Marking Bits: (ParMarkBitMap*) 0x00007ff904894460
 Begin Bits: [0x000002bbcaf70000, 0x000002bbccf70000)
 End Bits:   [0x000002bbccf70000, 0x000002bbcef70000)

Polling page: 0x000002bbb6830000

Metaspace:

Usage:
  Non-class:      3.85 MB used.
      Class:    477.04 KB used.
       Both:      4.31 MB used.

Virtual space:
  Non-class space:       64.00 MB reserved,       3.94 MB (  6%) committed,  1 nodes.
      Class space:        1.00 GB reserved,     576.00 KB ( <1%) committed,  1 nodes.
             Both:        1.06 GB reserved,       4.50 MB ( <1%) committed. 

Chunk freelists:
   Non-Class:  11.12 MB
       Class:  15.44 MB
        Both:  26.56 MB

MaxMetaspaceSize: unlimited
CompressedClassSpaceSize: 1.00 GB
Initial GC threshold: 21.00 MB
Current GC threshold: 21.00 MB
CDS: on
 - commit_granule_bytes: 65536.
 - commit_granule_words: 8192.
 - virtual_space_node_default_size: 8388608.
 - enlarge_chunks_in_place: 1.
 - use_allocation_guard: 0.


Internal statistics:

num_allocs_failed_limit: 0.
num_arena_births: 184.
num_arena_deaths: 0.
num_vsnodes_births: 2.
num_vsnodes_deaths: 0.
num_space_committed: 72.
num_space_uncommitted: 0.
num_chunks_returned_to_freelist: 0.
num_chunks_taken_from_freelist: 252.
num_chunk_merges: 0.
num_chunk_splits: 160.
num_chunks_enlarged: 92.
num_inconsistent_stats: 0.

CodeHeap 'non-profiled nmethods': size=120000Kb used=397Kb max_used=397Kb free=119602Kb
 bounds [0x000002bbc3790000, 0x000002bbc3a00000, 0x000002bbcacc0000]
CodeHeap 'profiled nmethods': size=120000Kb used=1748Kb max_used=1748Kb free=118251Kb
 bounds [0x000002bbbbcc0000, 0x000002bbbbf30000, 0x000002bbc31f0000]
CodeHeap 'non-nmethods': size=5760Kb used=1194Kb max_used=1209Kb free=4565Kb
 bounds [0x000002bbc31f0000, 0x000002bbc3460000, 0x000002bbc3790000]
CodeCache: size=245760Kb, used=3339Kb, max_used=3354Kb, free=242418Kb
 total_blobs=1541, nmethods=1086, adapters=362, full_count=0
Compilation: enabled, stopped_count=0, restarted_count=0

Compilation events (20 events):
Event: 12.181 Thread 0x000002bbb8a69640 1069       3       java.util.LinkedHashMap$LinkedEntryIterator::next (5 bytes)
Event: 12.182 Thread 0x000002bbb8a69640 nmethod 1069 0x000002bbbbe6fd90 code [0x000002bbbbe6ff40, 0x000002bbbbe70078]
Event: 12.182 Thread 0x000002bbb8a69640 1068       3       java.util.jar.Attributes::entrySet (10 bytes)
Event: 12.182 Thread 0x000002bbb8a69640 nmethod 1068 0x000002bbbbe70110 code [0x000002bbbbe702c0, 0x000002bbbbe70498]
Event: 12.182 Thread 0x000002bbb8a69640 1070       3       java.util.LinkedHashMap::entrySet (5 bytes)
Event: 12.182 Thread 0x000002bbb8a69640 nmethod 1070 0x000002bbbbe70590 code [0x000002bbbbe70740, 0x000002bbbbe70880]
Event: 12.182 Thread 0x000002bbb8a69640 1071       3       java.util.LinkedHashMap::sequencedEntrySet (31 bytes)
Event: 12.182 Thread 0x000002bbb8a69640 nmethod 1071 0x000002bbbbe70910 code [0x000002bbbbe70ae0, 0x000002bbbbe70f58]
Event: 12.182 Thread 0x000002bbb8a69640 1072       3       java.util.LinkedHashMap$LinkedEntrySet::<init> (15 bytes)
Event: 12.182 Thread 0x000002bbb8a69640 nmethod 1072 0x000002bbbbe71110 code [0x000002bbbbe712c0, 0x000002bbbbe71508]
Event: 12.182 Thread 0x000002bbb8a69640 1073       3       java.util.LinkedHashMap$LinkedEntrySet::iterator (16 bytes)
Event: 12.182 Thread 0x000002bbb8a69640 nmethod 1073 0x000002bbbbe71610 code [0x000002bbbbe717c0, 0x000002bbbbe719d8]
Event: 12.182 Thread 0x000002bbb8a69640 1074       3       java.util.LinkedHashMap$LinkedEntryIterator::<init> (7 bytes)
Event: 12.182 Thread 0x000002bbb8a69640 nmethod 1074 0x000002bbbbe71b10 code [0x000002bbbbe71cc0, 0x000002bbbbe71df8]
Event: 12.182 Thread 0x000002bbb8a69640 1076       3       java.util.LinkedHashMap::<init> (21 bytes)
Event: 12.183 Thread 0x000002bbb8a69640 nmethod 1076 0x000002bbbbe71e90 code [0x000002bbbbe72060, 0x000002bbbbe722d0]
Event: 12.183 Thread 0x000002bbb8a69640 1077       3       java.util.jar.Attributes::clone (9 bytes)
Event: 12.183 Thread 0x000002bbb8a69640 nmethod 1077 0x000002bbbbe72410 code [0x000002bbbbe72600, 0x000002bbbbe72a88]
Event: 12.183 Thread 0x000002bbb8a69640 1078       3       java.util.jar.Attributes::<init> (17 bytes)
Event: 12.183 Thread 0x000002bbb8a69640 nmethod 1078 0x000002bbbbe72c90 code [0x000002bbbbe72e60, 0x000002bbbbe73230]

GC Heap History (0 events):
No events

Dll operation events (8 events):
Event: 0.038 Loaded shared library c:\Users\Maria Luiza\.vscode\extensions\redhat.java-1.55.0-win32-x64\jre\21.0.11-win32-x86_64\bin\java.dll
Event: 0.263 Loaded shared library c:\Users\Maria Luiza\.vscode\extensions\redhat.java-1.55.0-win32-x64\jre\21.0.11-win32-x86_64\bin\zip.dll
Event: 0.350 Loaded shared library C:\Users\Maria Luiza\.vscode\extensions\redhat.java-1.55.0-win32-x64\jre\21.0.11-win32-x86_64\bin\instrument.dll
Event: 0.374 Loaded shared library C:\Users\Maria Luiza\.vscode\extensions\redhat.java-1.55.0-win32-x64\jre\21.0.11-win32-x86_64\bin\net.dll
Event: 0.383 Loaded shared library C:\Users\Maria Luiza\.vscode\extensions\redhat.java-1.55.0-win32-x64\jre\21.0.11-win32-x86_64\bin\nio.dll
Event: 0.390 Loaded shared library C:\Users\Maria Luiza\.vscode\extensions\redhat.java-1.55.0-win32-x64\jre\21.0.11-win32-x86_64\bin\zip.dll
Event: 0.445 Loaded shared library C:\Users\Maria Luiza\.vscode\extensions\redhat.java-1.55.0-win32-x64\jre\21.0.11-win32-x86_64\bin\jimage.dll
Event: 5.840 Loaded shared library c:\Users\Maria Luiza\.vscode\extensions\redhat.java-1.55.0-win32-x64\jre\21.0.11-win32-x86_64\bin\verify.dll

Deoptimization events (20 events):
Event: 12.183 Thread 0x000002bbb8abf7e0 DEOPT PACKING pc=0x000002bbbbe3b9b1 sp=0x000000f96dcfdc60
Event: 12.183 Thread 0x000002bbb8abf7e0 DEOPT UNPACKING pc=0x000002bbc3244242 sp=0x000000f96dcfd0d8 mode 0
Event: 12.183 Thread 0x000002bbb8abf7e0 DEOPT PACKING pc=0x000002bbbbe3b9b1 sp=0x000000f96dcfdc60
Event: 12.183 Thread 0x000002bbb8abf7e0 DEOPT UNPACKING pc=0x000002bbc3244242 sp=0x000000f96dcfd0d8 mode 0
Event: 12.183 Thread 0x000002bbb8abf7e0 DEOPT PACKING pc=0x000002bbbbe3b9b1 sp=0x000000f96dcfdc60
Event: 12.183 Thread 0x000002bbb8abf7e0 DEOPT UNPACKING pc=0x000002bbc3244242 sp=0x000000f96dcfd0d8 mode 0
Event: 12.183 Thread 0x000002bbb8abf7e0 DEOPT PACKING pc=0x000002bbbbe3b9b1 sp=0x000000f96dcfdc60
Event: 12.183 Thread 0x000002bbb8abf7e0 DEOPT UNPACKING pc=0x000002bbc3244242 sp=0x000000f96dcfd0d8 mode 0
Event: 12.184 Thread 0x000002bbb8abf7e0 DEOPT PACKING pc=0x000002bbbbe3b9b1 sp=0x000000f96dcfdc60
Event: 12.184 Thread 0x000002bbb8abf7e0 DEOPT UNPACKING pc=0x000002bbc3244242 sp=0x000000f96dcfd0d8 mode 0
Event: 12.184 Thread 0x000002bbb8abf7e0 DEOPT PACKING pc=0x000002bbbbe3b9b1 sp=0x000000f96dcfdc60
Event: 12.184 Thread 0x000002bbb8abf7e0 DEOPT UNPACKING pc=0x000002bbc3244242 sp=0x000000f96dcfd0d8 mode 0
Event: 12.184 Thread 0x000002bbb8abf7e0 DEOPT PACKING pc=0x000002bbbbe3b9b1 sp=0x000000f96dcfdc60
Event: 12.184 Thread 0x000002bbb8abf7e0 DEOPT UNPACKING pc=0x000002bbc3244242 sp=0x000000f96dcfd0d8 mode 0
Event: 12.184 Thread 0x000002bbb8abf7e0 DEOPT PACKING pc=0x000002bbbbe3b9b1 sp=0x000000f96dcfdc60
Event: 12.184 Thread 0x000002bbb8abf7e0 DEOPT UNPACKING pc=0x000002bbc3244242 sp=0x000000f96dcfd0d8 mode 0
Event: 12.184 Thread 0x000002bbb8abf7e0 DEOPT PACKING pc=0x000002bbbbe3b9b1 sp=0x000000f96dcfdc60
Event: 12.184 Thread 0x000002bbb8abf7e0 DEOPT UNPACKING pc=0x000002bbc3244242 sp=0x000000f96dcfd0d8 mode 0
Event: 12.184 Thread 0x000002bbb8abf7e0 DEOPT PACKING pc=0x000002bbbbe3b9b1 sp=0x000000f96dcfdc60
Event: 12.184 Thread 0x000002bbb8abf7e0 DEOPT UNPACKING pc=0x000002bbc3244242 sp=0x000000f96dcfd0d8 mode 0

Classes loaded (20 events):
Event: 12.145 Loading class java/lang/reflect/ProxyGenerator$PrimitiveTypeInfo
Event: 12.145 Loading class java/lang/reflect/ProxyGenerator$PrimitiveTypeInfo done
Event: 12.145 Loading class jdk/internal/org/objectweb/asm/Edge
Event: 12.146 Loading class jdk/internal/org/objectweb/asm/Edge done
Event: 12.147 Loading class java/lang/reflect/Proxy$ProxyBuilder$1
Event: 12.147 Loading class java/lang/reflect/Proxy$ProxyBuilder$1 done
Event: 12.148 Loading class java/lang/annotation/Target
Event: 12.148 Loading class java/lang/annotation/Target done
Event: 12.159 Loading class java/util/NoSuchElementException
Event: 12.159 Loading class java/util/NoSuchElementException done
Event: 12.172 Loading class java/net/URLClassLoader$2
Event: 12.172 Loading class java/net/URLClassLoader$2 done
Event: 12.185 Loading class jdk/internal/event/EventHelper$ThreadTrackHolder
Event: 12.185 Loading class jdk/internal/event/EventHelper$ThreadTrackHolder done
Event: 12.185 Loading class jdk/internal/logger/LazyLoggers
Event: 12.187 Loading class jdk/internal/logger/LazyLoggers done
Event: 12.187 Loading class jdk/internal/logger/LazyLoggers$1
Event: 12.187 Loading class jdk/internal/logger/LazyLoggers$1 done
Event: 12.187 Loading class jdk/internal/logger/LazyLoggers$LazyLoggerFactories
Event: 12.187 Loading class jdk/internal/logger/LazyLoggers$LazyLoggerFactories done

Classes unloaded (0 events):
No events

Classes redefined (0 events):
No events

Internal exceptions (20 events):
Event: 0.552 Thread 0x000002bbb8abf7e0 Exception <a 'java/lang/NoSuchMethodError'{0x00000000d5a08a68}: 'java.lang.Object java.lang.invoke.DirectMethodHandle$Holder.invokeStatic(java.lang.Object, java.lang.Object, int)'> (0x00000000d5a08a68) 
thrown [s\src\hotspot\share\interpreter\linkResolver.cpp, line 773]
Event: 0.555 Thread 0x000002bbb8abf7e0 Exception <a 'java/lang/NoSuchMethodError'{0x00000000d5a0d3b8}: 'void java.lang.invoke.DirectMethodHandle$Holder.invokeStatic(java.lang.Object, java.lang.Object, int, java.lang.Object)'> (0x00000000d5a0d3b8) 
thrown [s\src\hotspot\share\interpreter\linkResolver.cpp, line 773]
Event: 0.556 Thread 0x000002bbb8abf7e0 Exception <a 'java/lang/NoSuchMethodError'{0x00000000d5a10f48}: 'void java.lang.invoke.DirectMethodHandle$Holder.invokeSpecial(java.lang.Object, java.lang.Object, java.lang.Object, int, java.lang.Object)'> (0x00000000d5a10f48) 
thrown [s\src\hotspot\share\interpreter\linkResolver.cpp, line 773]
Event: 0.557 Thread 0x000002bbb8abf7e0 Exception <a 'java/lang/NoSuchMethodError'{0x00000000d5a145f8}: 'void java.lang.invoke.DelegatingMethodHandle$Holder.delegate(java.lang.Object, java.lang.Object, int, java.lang.Object)'> (0x00000000d5a145f8) 
thrown [s\src\hotspot\share\interpreter\linkResolver.cpp, line 773]
Event: 6.051 Thread 0x000002bbb8abf7e0 Exception <a 'java/lang/NoSuchMethodError'{0x00000000d5be0068}: 'void java.lang.invoke.DelegatingMethodHandle$Holder.reinvoke_L(java.lang.Object, java.lang.Object, java.lang.Object, int)'> (0x00000000d5be0068) 
thrown [s\src\hotspot\share\interpreter\linkResolver.cpp, line 773]
Event: 6.385 Thread 0x000002bbb8abf7e0 Exception <a 'java/lang/NoSuchMethodError'{0x00000000d607e690}: 'void java.lang.invoke.DirectMethodHandle$Holder.invokeVirtual(java.lang.Object, java.lang.Object)'> (0x00000000d607e690) 
thrown [s\src\hotspot\share\interpreter\linkResolver.cpp, line 773]
Event: 11.685 Thread 0x000002bbb8abf7e0 Exception <a 'java/lang/NoSuchMethodError'{0x00000000d6461280}: 'void java.lang.invoke.DirectMethodHandle$Holder.invokeStatic(java.lang.Object, java.lang.Object)'> (0x00000000d6461280) 
thrown [s\src\hotspot\share\interpreter\linkResolver.cpp, line 773]
Event: 11.715 Thread 0x000002bbb8abf7e0 Exception <a 'java/lang/ClassNotFoundException'{0x00000000d6489380}: sun/net/www/protocol/c/Handler> (0x00000000d6489380) 
thrown [s\src\hotspot\share\classfile\systemDictionary.cpp, line 313]
Event: 11.933 Thread 0x000002bbb8abf7e0 Exception <a 'java/io/FileNotFoundException'{0x00000000d64e7428}> (0x00000000d64e7428) 
thrown [s\src\hotspot\share\prims\jni.cpp, line 520]
Event: 11.934 Thread 0x000002bbb8abf7e0 Exception <a 'java/io/FileNotFoundException'{0x00000000d64e87c8}> (0x00000000d64e87c8) 
thrown [s\src\hotspot\share\prims\jni.cpp, line 520]
Event: 11.934 Thread 0x000002bbb8abf7e0 Exception <a 'java/io/FileNotFoundException'{0x00000000d64e94b0}> (0x00000000d64e94b0) 
thrown [s\src\hotspot\share\prims\jni.cpp, line 520]
Event: 11.934 Thread 0x000002bbb8abf7e0 Exception <a 'java/io/FileNotFoundException'{0x00000000d64ea060}> (0x00000000d64ea060) 
thrown [s\src\hotspot\share\prims\jni.cpp, line 520]
Event: 11.939 Thread 0x000002bbb8abf7e0 Implicit null exception at 0x000002bbc37c29a4 to 0x000002bbc37c2f38
Event: 11.940 Thread 0x000002bbb8abf7e0 Implicit null exception at 0x000002bbc37be8a0 to 0x000002bbc37bee24
Event: 11.942 Thread 0x000002bbb8abf7e0 Exception <a 'java/io/FileNotFoundException'{0x00000000d6522540}> (0x00000000d6522540) 
thrown [s\src\hotspot\share\prims\jni.cpp, line 520]
Event: 11.959 Thread 0x000002bbb8abf7e0 Exception <a 'java/lang/NoSuchMethodError'{0x00000000d655b658}: 'java.lang.Object java.lang.invoke.DirectMethodHandle$Holder.invokeInterface(java.lang.Object, java.lang.Object)'> (0x00000000d655b658) 
thrown [s\src\hotspot\share\interpreter\linkResolver.cpp, line 773]
Event: 11.963 Thread 0x000002bbb8abf7e0 Exception <a 'java/lang/NoSuchMethodError'{0x00000000d656ecd8}: 'java.lang.Object java.lang.invoke.Invokers$Holder.invokeExact_MT(java.lang.Object, java.lang.Object, java.lang.Object, java.lang.Object, java.lang.Object, java.lang.Object)'> (0x00000000d656ecd8) 
thrown [s\src\hotspot\share\interpreter\linkResolver.cpp, line 773]
Event: 11.968 Thread 0x000002bbb8abf7e0 Exception <a 'java/lang/NoSuchMethodError'{0x00000000d6585db0}: 'int java.lang.invoke.DirectMethodHandle$Holder.invokeStatic(java.lang.Object, java.lang.Object, java.lang.Object, java.lang.Object, java.lang.Object)'> (0x00000000d6585db0) 
thrown [s\src\hotspot\share\interpreter\linkResolver.cpp, line 773]
Event: 12.007 Thread 0x000002bbb8abf7e0 Exception <a 'java/lang/NoSuchMethodError'{0x00000000d661a478}: 'java.lang.Object java.lang.invoke.DirectMethodHandle$Holder.invokeInterface(java.lang.Object, java.lang.Object, int)'> (0x00000000d661a478) 
thrown [s\src\hotspot\share\interpreter\linkResolver.cpp, line 773]
Event: 12.150 Thread 0x000002bbb8abf7e0 Exception <a 'java/lang/NoSuchMethodError'{0x00000000d6a84288}: 'java.lang.ClassLoader java.lang.ClassLoader.getPlatformClassLoader(java.lang.Class)'> (0x00000000d6a84288) 
thrown [s\src\hotspot\share\interpreter\linkResolver.cpp, line 773]

ZGC Phase Switch (0 events):
No events

VM Operations (17 events):
Event: 0.249 Executing non-safepoint VM operation: HandshakeAllThreads (Deoptimize)
Event: 0.249 Executing non-safepoint VM operation: HandshakeAllThreads (Deoptimize) done
Event: 0.481 Executing non-safepoint VM operation: HandshakeAllThreads (Deoptimize)
Event: 0.481 Executing non-safepoint VM operation: HandshakeAllThreads (Deoptimize) done
Event: 1.496 Executing safepoint VM operation: Cleanup
Event: 5.886 Executing safepoint VM operation: Cleanup done
Event: 6.900 Executing safepoint VM operation: Cleanup
Event: 7.522 Executing safepoint VM operation: Cleanup done
Event: 9.565 Executing non-safepoint VM operation: HandshakeAllThreads (Deoptimize)
Event: 9.565 Executing non-safepoint VM operation: HandshakeAllThreads (Deoptimize) done
Event: 9.565 Executing safepoint VM operation: Cleanup
Event: 9.565 Executing safepoint VM operation: Cleanup done
Event: 11.580 Executing safepoint VM operation: Cleanup
Event: 11.610 Executing safepoint VM operation: Cleanup done
Event: 11.642 Executing non-safepoint VM operation: HandshakeAllThreads (Deoptimize)
Event: 11.643 Executing non-safepoint VM operation: HandshakeAllThreads (Deoptimize) done
Event: 12.651 Executing safepoint VM operation: Cleanup

Memory protections (0 events):
No events

Nmethod flushes (0 events):
No events

Events (11 events):
Event: 0.079 Thread 0x000002bbb8abf7e0 Thread added: 0x000002bbb8abf7e0
Event: 0.142 Thread 0x000002bbb8abf7e0 Thread added: 0x000002bbb8b7e630
Event: 0.144 Thread 0x000002bbb8abf7e0 Thread added: 0x000002bbb8a3a930
Event: 0.150 Thread 0x000002bbb8abf7e0 Thread added: 0x000002bbb8a3d270
Event: 0.154 Thread 0x000002bbb8abf7e0 Thread added: 0x000002bbb8a3dcd0
Event: 0.155 Thread 0x000002bbb8abf7e0 Thread added: 0x000002bbb8a3e730
Event: 0.162 Thread 0x000002bbb8abf7e0 Thread added: 0x000002bbb8a406f0
Event: 0.164 Thread 0x000002bbb8abf7e0 Thread added: 0x000002bbb8a4e7d0
Event: 0.167 Thread 0x000002bbb8abf7e0 Thread added: 0x000002bbb8a69640
Event: 0.360 Thread 0x000002bbb8abf7e0 Thread added: 0x000002bc16244540
Event: 6.253 Thread 0x000002bbb8abf7e0 Thread added: 0x000002bc1626a1b0


Dynamic libraries:
0x00007ff6758a0000 - 0x00007ff6758ae000 	c:\Users\Maria Luiza\.vscode\extensions\redhat.java-1.55.0-win32-x64\jre\21.0.11-win32-x86_64\bin\java.exe
0x00007ff981e00000 - 0x00007ff982066000 	C:\WINDOWS\SYSTEM32\ntdll.dll
0x00007ff97fb70000 - 0x00007ff97fc39000 	C:\WINDOWS\System32\KERNEL32.DLL
0x00007ff97f090000 - 0x00007ff97f48a000 	C:\WINDOWS\System32\KERNELBASE.dll
0x00007ff97f940000 - 0x00007ff97fa8c000 	C:\WINDOWS\System32\ucrtbase.dll
0x00007ff96b860000 - 0x00007ff96b878000 	c:\Users\Maria Luiza\.vscode\extensions\redhat.java-1.55.0-win32-x64\jre\21.0.11-win32-x86_64\bin\jli.dll
0x00007ff980d50000 - 0x00007ff980f17000 	C:\WINDOWS\System32\USER32.dll
0x00007ff97fa90000 - 0x00007ff97fab7000 	C:\WINDOWS\System32\win32u.dll
0x00007ff96b770000 - 0x00007ff96b78e000 	c:\Users\Maria Luiza\.vscode\extensions\redhat.java-1.55.0-win32-x64\jre\21.0.11-win32-x86_64\bin\VCRUNTIME140.dll
0x00007ff980220000 - 0x00007ff98024b000 	C:\WINDOWS\System32\GDI32.dll
0x00007ff97f810000 - 0x00007ff97f93b000 	C:\WINDOWS\System32\gdi32full.dll
0x00007ff97f6d0000 - 0x00007ff97f773000 	C:\WINDOWS\System32\msvcp_win.dll
0x00007ff960b80000 - 0x00007ff960e12000 	C:\WINDOWS\WinSxS\amd64_microsoft.windows.common-controls_6595b64144ccf1df_6.0.26100.8521_none_3e08b75ce33403b3\COMCTL32.dll
0x00007ff981b30000 - 0x00007ff981bd9000 	C:\WINDOWS\System32\msvcrt.dll
0x00007ff9801d0000 - 0x00007ff980202000 	C:\WINDOWS\System32\IMM32.DLL
0x00007ff979f30000 - 0x00007ff979f3c000 	c:\Users\Maria Luiza\.vscode\extensions\redhat.java-1.55.0-win32-x64\jre\21.0.11-win32-x86_64\bin\vcruntime140_1.dll
0x00007ff961400000 - 0x00007ff96148d000 	c:\Users\Maria Luiza\.vscode\extensions\redhat.java-1.55.0-win32-x64\jre\21.0.11-win32-x86_64\bin\msvcp140.dll
0x00007ff903bd0000 - 0x00007ff904972000 	c:\Users\Maria Luiza\.vscode\extensions\redhat.java-1.55.0-win32-x64\jre\21.0.11-win32-x86_64\bin\server\jvm.dll
0x00007ff981ca0000 - 0x00007ff981d56000 	C:\WINDOWS\System32\ADVAPI32.dll
0x00007ff9812b0000 - 0x00007ff98135a000 	C:\WINDOWS\System32\sechost.dll
0x00007ff980a30000 - 0x00007ff980b48000 	C:\WINDOWS\System32\RPCRT4.dll
0x00007ff980140000 - 0x00007ff9801c0000 	C:\WINDOWS\System32\WS2_32.dll
0x00007ff97eef0000 - 0x00007ff97ef4e000 	C:\WINDOWS\SYSTEM32\POWRPROF.dll
0x00007ff977a30000 - 0x00007ff977a3b000 	C:\WINDOWS\SYSTEM32\VERSION.dll
0x00007ff9728a0000 - 0x00007ff9728d6000 	C:\WINDOWS\SYSTEM32\WINMM.dll
0x00007ff97eed0000 - 0x00007ff97eee4000 	C:\WINDOWS\SYSTEM32\UMPDC.dll
0x00007ff97de20000 - 0x00007ff97de3b000 	C:\WINDOWS\SYSTEM32\kernel.appcore.dll
0x00007ff979ee0000 - 0x00007ff979eea000 	c:\Users\Maria Luiza\.vscode\extensions\redhat.java-1.55.0-win32-x64\jre\21.0.11-win32-x86_64\bin\jimage.dll
0x00007ff975910000 - 0x00007ff975b52000 	C:\WINDOWS\SYSTEM32\DBGHELP.DLL
0x00007ff980f20000 - 0x00007ff9812a3000 	C:\WINDOWS\System32\combase.dll
0x00007ff980b50000 - 0x00007ff980c29000 	C:\WINDOWS\System32\OLEAUT32.dll
0x00007ff964cc0000 - 0x00007ff964cfb000 	C:\WINDOWS\SYSTEM32\dbgcore.DLL
0x00007ff97fac0000 - 0x00007ff97fb68000 	C:\WINDOWS\System32\bcryptPrimitives.dll
0x00007ff978ac0000 - 0x00007ff978acf000 	c:\Users\Maria Luiza\.vscode\extensions\redhat.java-1.55.0-win32-x64\jre\21.0.11-win32-x86_64\bin\instrument.dll
0x00007ff96b2c0000 - 0x00007ff96b2e0000 	c:\Users\Maria Luiza\.vscode\extensions\redhat.java-1.55.0-win32-x64\jre\21.0.11-win32-x86_64\bin\java.dll
0x00007ff981360000 - 0x00007ff981ae4000 	C:\WINDOWS\System32\SHELL32.dll
0x00007ff97cc50000 - 0x00007ff97d4d0000 	C:\WINDOWS\SYSTEM32\windows.storage.dll
0x00007ff9803b0000 - 0x00007ff9804a6000 	C:\WINDOWS\System32\SHCORE.dll
0x00007ff9800d0000 - 0x00007ff980137000 	C:\WINDOWS\System32\shlwapi.dll
0x00007ff97efb0000 - 0x00007ff97efd9000 	C:\WINDOWS\SYSTEM32\profapi.dll
0x00007ff96b190000 - 0x00007ff96b1a8000 	c:\Users\Maria Luiza\.vscode\extensions\redhat.java-1.55.0-win32-x64\jre\21.0.11-win32-x86_64\bin\zip.dll
0x00007ff96ff10000 - 0x00007ff96ff20000 	C:\Users\Maria Luiza\.vscode\extensions\redhat.java-1.55.0-win32-x64\jre\21.0.11-win32-x86_64\bin\net.dll
0x00007ff978ba0000 - 0x00007ff978cc9000 	C:\WINDOWS\SYSTEM32\WINHTTP.dll
0x00007ff97e390000 - 0x00007ff97e3fc000 	C:\WINDOWS\system32\mswsock.dll
0x00007ff96a380000 - 0x00007ff96a396000 	C:\Users\Maria Luiza\.vscode\extensions\redhat.java-1.55.0-win32-x64\jre\21.0.11-win32-x86_64\bin\nio.dll
0x00007ff96ea20000 - 0x00007ff96ea30000 	c:\Users\Maria Luiza\.vscode\extensions\redhat.java-1.55.0-win32-x64\jre\21.0.11-win32-x86_64\bin\verify.dll

JVMTI agents:
c:\Users\Maria Luiza\.vscode\extensions\redhat.java-1.55.0-win32-x64\lombok\lombok-1.18.39-4050.jar path:c:\Users\Maria Luiza\.vscode\extensions\redhat.java-1.55.0-win32-x64\jre\21.0.11-win32-x86_64\bin\instrument.dll, loaded, initialized, instrumentlib options:none

dbghelp: loaded successfully - version: 4.0.5 - missing functions: none
symbol engine: initialized successfully - sym options: 0x614 - pdb path: .;c:\Users\Maria Luiza\.vscode\extensions\redhat.java-1.55.0-win32-x64\jre\21.0.11-win32-x86_64\bin;C:\WINDOWS\SYSTEM32;C:\WINDOWS\WinSxS\amd64_microsoft.windows.common-controls_6595b64144ccf1df_6.0.26100.8521_none_3e08b75ce33403b3;c:\Users\Maria Luiza\.vscode\extensions\redhat.java-1.55.0-win32-x64\jre\21.0.11-win32-x86_64\bin\server

VM Arguments:
jvm_args: --add-modules=ALL-SYSTEM --add-opens=java.base/java.util=ALL-UNNAMED --add-opens=java.base/java.lang=ALL-UNNAMED --add-opens=java.base/sun.nio.fs=ALL-UNNAMED -Declipse.application=org.eclipse.jdt.ls.core.id1 -Dosgi.bundles.defaultStartLevel=4 -Declipse.product=org.eclipse.jdt.ls.core.product -Djava.import.generatesMetadataFilesAtProjectRoot=false -DDetectVMInstallationsJob.disabled=true -Dfile.encoding=utf8 -XX:+UseParallelGC -XX:GCTimeRatio=4 -XX:AdaptiveSizePolicyWeight=90 -Dsun.zip.disableMemoryMapping=true -Xmx2G -Xms100m -Xlog:disable -javaagent:c:\Users\Maria Luiza\.vscode\extensions\redhat.java-1.55.0-win32-x64\lombok\lombok-1.18.39-4050.jar -XX:+HeapDumpOnOutOfMemoryError -XX:HeapDumpPath=c:\Users\Maria Luiza\AppData\Roaming\Code\User\workspaceStorage\c32f2c3fa466b7c56e049e5eb102331f\redhat.java -Daether.dependencyCollector.impl=bf 
java_command: c:\Users\Maria Luiza\.vscode\extensions\redhat.java-1.55.0-win32-x64\server\plugins\org.eclipse.equinox.launcher_1.7.200.v20260619-2039.jar -configuration c:\Users\Maria Luiza\AppData\Roaming\Code\User\globalStorage\redhat.java\1.55.0\config_win -data c:\Users\Maria Luiza\AppData\Roaming\Code\User\workspaceStorage\c32f2c3fa466b7c56e049e5eb102331f\redhat.java\jdt_ws --pipe=\\.\pipe\lsp-43892a8f27cc6a091956372f1b0eb8cc-sock
java_class_path (initial): c:\Users\Maria Luiza\.vscode\extensions\redhat.java-1.55.0-win32-x64\server\plugins\org.eclipse.equinox.launcher_1.7.200.v20260619-2039.jar
Launcher Type: SUN_STANDARD

[Global flags]
    uintx AdaptiveSizePolicyWeight                 = 90                                        {product} {command line}
     intx CICompilerCount                          = 4                                         {product} {ergonomic}
    uintx GCTimeRatio                              = 4                                         {product} {command line}
     bool HeapDumpOnOutOfMemoryError               = true                                   {manageable} {command line}
    ccstr HeapDumpPath                             = c:\Users\Maria Luiza\AppData\Roaming\Code\User\workspaceStorage\c32f2c3fa466b7c56e049e5eb102331f\redhat.java         {manageable} {command line}
   size_t InitialHeapSize                          = 104857600                                 {product} {command line}
   size_t MaxHeapSize                              = 2147483648                                {product} {command line}
   size_t MaxNewSize                               = 715653120                                 {product} {ergonomic}
   size_t MinHeapDeltaBytes                        = 524288                                    {product} {ergonomic}
   size_t MinHeapSize                              = 104857600                                 {product} {command line}
   size_t NewSize                                  = 34603008                                  {product} {ergonomic}
    uintx NonNMethodCodeHeapSize                   = 5839372                                {pd product} {ergonomic}
    uintx NonProfiledCodeHeapSize                  = 122909434                              {pd product} {ergonomic}
   size_t OldSize                                  = 70254592                                  {product} {ergonomic}
    uintx ProfiledCodeHeapSize                     = 122909434                              {pd product} {ergonomic}
    uintx ReservedCodeCacheSize                    = 251658240                              {pd product} {ergonomic}
     bool SegmentedCodeCache                       = true                                      {product} {ergonomic}
   size_t SoftMaxHeapSize                          = 2147483648                             {manageable} {ergonomic}
     bool UseCompressedOops                        = true                           {product lp64_product} {ergonomic}
     bool UseLargePagesIndividualAllocation        = false                                  {pd product} {ergonomic}
     bool UseParallelGC                            = true                                      {product} {command line}

Logging:
Log output configuration:
 #0: stdout all=off uptime,level,tags foldmultilines=false
 #1: stderr all=off uptime,level,tags foldmultilines=false

Release file:
JAVA_VERSION="21.0.11" 
MODULES="java.base java.compiler java.datatransfer java.xml java.prefs java.desktop java.instrument java.logging java.management java.security.sasl java.naming java.rmi java.management.rmi java.net.http java.scripting java.security.jgss java.transaction.xa java.sql java.sql.rowset java.xml.crypto java.se java.smartcardio jdk.accessibility jdk.internal.jvmstat jdk.attach jdk.charsets jdk.internal.opt jdk.zipfs jdk.compiler jdk.crypto.ec jdk.crypto.cryptoki jdk.crypto.mscapi jdk.dynalink jdk.internal.ed jdk.editpad jdk.hotspot.agent jdk.httpserver jdk.internal.le jdk.internal.vm.ci jdk.internal.vm.compiler jdk.internal.vm.compiler.management jdk.jartool jdk.javadoc jdk.jcmd jdk.management jdk.management.agent jdk.jconsole jdk.jdeps jdk.jdwp.agent jdk.jdi jdk.jfr jdk.jshell jdk.jsobject jdk.jstatd jdk.localedata jdk.management.jfr jdk.naming.dns jdk.naming.rmi jdk.net jdk.nio.mapmode jdk.random jdk.sctp jdk.security.auth jdk.security.jgss jdk.unsupported jdk.unsupported.desktop jdk.xml.dom" 

Environment Variables:
PATH=C:\Program Files\Common Files\Oracle\Java\javapath;C:\WINDOWS\system32;C:\WINDOWS;C:\WINDOWS\System32\Wbem;C:\WINDOWS\System32\WindowsPowerShell\v1.0\;C:\WINDOWS\System32\OpenSSH\;C:\Program Files\Git\cmd;C:\Program Files\Graphviz\bin;C:\Program Files\nodejs\;C:\msys64\mingw64\bin;;C:\Program Files\Docker\Docker\resources\bin;C:\Users\Maria Luiza\AppData\Local\Programs\Python\Python314\Scripts\;C:\Users\Maria Luiza\AppData\Local\Programs\Python\Python314\;C:\Users\Maria Luiza\.local\bin;C:\Users\Maria Luiza\AppData\Local\Programs\Eclipse Adoptium\jdk-25.0.2.10-hotspot\bin;C:\Users\Maria Luiza\AppData\Local\Microsoft\WindowsApps;C:\Users\Maria Luiza\AppData\Local\Programs\Microsoft VS Code\bin;C:\Users\Maria Luiza\AppData\Local\Python\bin;C:\Users\Maria Luiza\AppData\Roaming\npm;C:\msys64\mingw64\bin;
USERNAME=Maria Luiza
OS=Windows_NT
PROCESSOR_IDENTIFIER=AMD64 Family 23 Model 160 Stepping 0, AuthenticAMD
TMP=C:\Users\MARIAL~1\AppData\Local\Temp
TEMP=C:\Users\MARIAL~1\AppData\Local\Temp




Periodic native trim disabled

---------------  S Y S T E M  ---------------

OS:
 Windows 11 , 64 bit Build 26100 (10.0.26100.8521)
OS uptime: 5 days 16:51 hours
Hyper-V role detected

CPU: total 8 (initial active 8) (8 cores per cpu, 2 threads per core) family 23 model 160 stepping 0 microcode 0x8a0000a, cx8, cmov, fxsr, ht, mmx, 3dnowpref, sse, sse2, sse3, ssse3, sse4a, sse4.1, sse4.2, popcnt, lzcnt, tsc, tscinvbit, avx, avx2, aes, clmul, bmi1, bmi2, adx, sha, fma, vzeroupper, clflush, clflushopt, hv, rdtscp, rdpid, f16c
Processor Information for the first 8 processors :
  Max Mhz: 2801, Current Mhz: 2801, Mhz Limit: 2801

Memory: 4k page, system-wide physical 5877M (648M free)
TotalPageFile size 24309M (AvailPageFile size 21M)
current process WorkingSet (physical memory assigned to process): 64M, peak: 64M
current process commit charge ("private bytes"): 232M, peak: 232M

vm_info: OpenJDK 64-Bit Server VM (21.0.11+10-LTS) for windows-amd64 JRE (21.0.11+10-LTS), built on 2026-04-21T00:00:00Z by "admin" with MS VC++ 17.12 (VS2022)

END.
